2026-06-19 18:17:19 [INFO] daily_bot_job: ============================================================
2026-06-19 18:17:19 [INFO] daily_bot_job: 🚀 Daily Bot Job Started
2026-06-19 18:17:19 [INFO] daily_bot_job:    Dry run: False
2026-06-19 18:17:19 [INFO] daily_bot_job:    Model filter: ALL
2026-06-19 18:17:19 [INFO] daily_bot_job:    Skip sync: True
2026-06-19 18:17:19 [INFO] daily_bot_job:    Log file: C:\Users\MR__CODER__\Desktop\stokscan_AI\logs\daily_bot_20260619_151714.log
2026-06-19 18:17:19 [INFO] daily_bot_job: ============================================================
2026-06-19 18:17:22 [INFO] httpx: HTTP Request: GET https://gfcmaxbtscmizsakarvc.supabase.co/rest/v1/stock_prices?select=date%2Copen%2Chigh%2Clow%2Cclose%2Cvolume&symbol=eq.ADPC.EGX&order=date.desc&limit=300 "HTTP/2 200 OK"
2026-06-19 18:17:22 [INFO] httpx: HTTP Request: GET https://gfcmaxbtscmizsakarvc.supabase.co/rest/v1/stock_prices?select=date%2Copen%2Chigh%2Clow%2Cclose%2Cvolume&symbol=eq.ACTF.EGX&order=date.desc&limit=300 "HTTP/2 200 OK"
2026-06-19 18:17:22 [INFO] httpx: HTTP Request: GET https://gfcmaxbtscmizsakarvc.supabase.co/rest/v1/stock_prices?select=date%2Copen%2Chigh%2Clow%2Cclose%2Cvolume&symbol=eq.ADIB.EGX&order=date.desc&limit=300 "HTTP/2 200 OK"
2026-06-19 18:17:22 [INFO] httpx: HTTP Request: GET https://gfcmaxbtscmizsakarvc.supabase.co/rest/v1/stock_prices?select=date%2Copen%2Chigh%2Clow%2Cclose%2Cvolume&symbol=eq.ACGC.EGX&order=date.desc&limit=300 "HTTP/2 200 OK"
2026-06-19 18:17:22 [INFO] httpx: HTTP Request: GET https://gfcmaxbtscmizsakarvc.supabase.co/rest/v1/stock_prices?select=date%2Copen%2Chigh%2Clow%2Cclose%2Cvolume&symbol=eq.ABUK.EGX&order=date.desc&limit=300 "HTTP/2 200 OK"
2026-06-19 18:17:22 [INFO] httpx: HTTP Request: GET https://gfcmaxbtscmizsakarvc.supabase.co/rest/v1/stock_prices?select=date%2Copen%2Chigh%2Clow%2Cclose%2Cvolume&symbol=eq.AGIG.EGX&order=date.desc&limit=300 "HTTP/2 200 OK"
2026-06-19 18:17:22 [INFO] httpx: HTTP Request: GET https://gfcmaxbtscmizsakarvc.supabase.co/rest/v1/stock_prices?select=date%2Copen%2Chigh%2Clow%2Cclose%2Cvolume&symbol=eq.AFDI.EGX&order=date.desc&limit=300 "HTTP/2 200 OK"
2026-06-19 18:17:22 [INFO] httpx: HTTP Request: GET https://gfcmaxbtscmizsakarvc.supabase.co/rest/v1/stock_prices?select=date%2Copen%2Chigh%2Clow%2Cclose%2Cvolume&symbol=eq.AFMC.EGX&order=date.desc&limit=300 "HTTP/2 200 OK"
2026-06-19 18:17:22 [INFO] httpx: HTTP Request: GET https://gfcmaxbtscmizsakarvc.supabase.co/rest/v1/stock_prices?select=date%2Copen%2Chigh%2Clow%2Cclose%2Cvolume&symbol=eq.ACAP.EGX&order=date.desc&limit=300 "HTTP/2 200 OK"
2026-06-19 18:17:22 [INFO] httpx: HTTP Request: GET https://gfcmaxbtscmizsakarvc.supabase.co/rest/v1/stock_prices?select=date%2Copen%2Chigh%2Clow%2Cclose%2Cvolume&symbol=eq.AIDC.EGX&order=date.desc&limit=300 "HTTP/2 200 OK"
2026-06-19 18:17:22 [INFO] httpx: HTTP Request: GET https://gfcmaxbtscmizsakarvc.supabase.co/rest/v1/stock_prices?select=date%2Copen%2Chigh%2Clow%2Cclose%2Cvolume&symbol=eq.ADCI.EGX&order=date.desc&limit=300 "HTTP/2 200 OK"
2026-06-19 18:17:22 [INFO] httpx: HTTP Request: GET https://gfcmaxbtscmizsakarvc.supabase.co/rest/v1/stock_prices?select=date%2Copen%2Chigh%2Clow%2Cclose%2Cvolume&symbol=eq.ACAMD.EGX&order=date.desc&limit=300 "HTTP/2 200 OK"
2026-06-19 18:17:22 [INFO] httpx: HTTP Request: GET https://gfcmaxbtscmizsakarvc.supabase.co/rest/v1/stock_prices?select=date%2Copen%2Chigh%2Clow%2Cclose%2Cvolume&symbol=eq.AALR.EGX&order=date.desc&limit=300 "HTTP/2 200 OK"
2026-06-19 18:17:22 [INFO] httpx: HTTP Request: GET https://gfcmaxbtscmizsakarvc.supabase.co/rest/v1/stock_prices?select=date%2Copen%2Chigh%2Clow%2Cclose%2Cvolume&symbol=eq.ACRO.EGX&order=date.desc&limit=300 "HTTP/2 200 OK"
2026-06-19 18:17:22 [INFO] httpx: HTTP Request: GET https://gfcmaxbtscmizsakarvc.supabase.co/rest/v1/stock_prices?select=date%2Copen%2Chigh%2Clow%2Cclose%2Cvolume&symbol=eq.AIND.EGX&order=date.desc&limit=300 "HTTP/2 200 OK"
2026-06-19 18:17:22 [INFO] httpx: HTTP Request: GET https://gfcmaxbtscmizsakarvc.supabase.co/rest/v1/stock_prices?select=date%2Copen%2Chigh%2Clow%2Cclose%2Cvolume&symbol=eq.AITG.EGX&order=date.desc&limit=300 "HTTP/2 200 OK"
2026-06-19 18:17:22 [INFO] httpx: HTTP Request: GET https://gfcmaxbtscmizsakarvc.supabase.co/rest/v1/stock_prices?select=date%2Copen%2Chigh%2Clow%2Cclose%2Cvolume&symbol=eq.AMOC.EGX&order=date.desc&limit=300 "HTTP/2 200 OK"
2026-06-19 18:17:22 [INFO] httpx: HTTP Request: GET https://gfcmaxbtscmizsakarvc.supabase.co/rest/v1/stock_prices?select=date%2Copen%2Chigh%2Clow%2Cclose%2Cvolume&symbol=eq.AIVCB.EGX&order=date.desc&limit=300 "HTTP/2 200 OK"
2026-06-19 18:17:22 [INFO] httpx: HTTP Request: GET https://gfcmaxbtscmizsakarvc.supabase.co/rest/v1/stock_prices?select=date%2Copen%2Chigh%2Clow%2Cclose%2Cvolume&symbol=eq.ALEX.EGX&order=date.desc&limit=300 "HTTP/2 200 OK"
2026-06-19 18:17:22 [INFO] httpx: HTTP Request: GET https://gfcmaxbtscmizsakarvc.supabase.co/rest/v1/stock_prices?select=date%2Copen%2Chigh%2Clow%2Cclose%2Cvolume&symbol=eq.ALUM.EGX&order=date.desc&limit=300 "HTTP/2 200 OK"
2026-06-19 18:17:22 [INFO] httpx: HTTP Request: GET https://gfcmaxbtscmizsakarvc.supabase.co/rest/v1/stock_prices?select=date%2Copen%2Chigh%2Clow%2Cclose%2Cvolume&symbol=eq.APSW.EGX&order=date.desc&limit=300 "HTTP/2 200 OK"
2026-06-19 18:17:22 [INFO] httpx: HTTP Request: GET https://gfcmaxbtscmizsakarvc.supabase.co/rest/v1/stock_prices?select=date%2Copen%2Chigh%2Clow%2Cclose%2Cvolume&symbol=eq.AJWA.EGX&order=date.desc&limit=300 "HTTP/2 200 OK"
2026-06-19 18:17:22 [INFO] httpx: HTTP Request: GET https://gfcmaxbtscmizsakarvc.supabase.co/rest/v1/stock_prices?select=date%2Copen%2Chigh%2Clow%2Cclose%2Cvolume&symbol=eq.ALCN.EGX&order=date.desc&limit=300 "HTTP/2 200 OK"
2026-06-19 18:17:22 [INFO] httpx: HTTP Request: GET https://gfcmaxbtscmizsakarvc.supabase.co/rest/v1/stock_prices?select=date%2Copen%2Chigh%2Clow%2Cclose%2Cvolume&symbol=eq.AMER.EGX&order=date.desc&limit=300 "HTTP/2 200 OK"
2026-06-19 18:17:22 [INFO] httpx: HTTP Request: GET https://gfcmaxbtscmizsakarvc.supabase.co/rest/v1/stock_prices?select=date%2Copen%2Chigh%2Clow%2Cclose%2Cvolume&symbol=eq.AMIA.EGX&order=date.desc&limit=300 "HTTP/2 200 OK"
2026-06-19 18:17:22 [INFO] httpx: HTTP Request: GET https://gfcmaxbtscmizsakarvc.supabase.co/rest/v1/stock_prices?select=date%2Copen%2Chigh%2Clow%2Cclose%2Cvolume&symbol=eq.AMES.EGX&order=date.desc&limit=300 "HTTP/2 200 OK"
2026-06-19 18:17:22 [INFO] httpx: HTTP Request: GET https://gfcmaxbtscmizsakarvc.supabase.co/rest/v1/stock_prices?select=date%2Copen%2Chigh%2Clow%2Cclose%2Cvolume&symbol=eq.APPC.EGX&order=date.desc&limit=300 "HTTP/2 200 OK"
2026-06-19 18:17:22 [INFO] httpx: HTTP Request: GET https://gfcmaxbtscmizsakarvc.supabase.co/rest/v1/stock_prices?select=date%2Copen%2Chigh%2Clow%2Cclose%2Cvolume&symbol=eq.ALRA.EGX&order=date.desc&limit=300 "HTTP/2 200 OK"
2026-06-19 18:17:22 [INFO] httpx: HTTP Request: GET https://gfcmaxbtscmizsakarvc.supabase.co/rest/v1/stock_prices?select=date%2Copen%2Chigh%2Clow%2Cclose%2Cvolume&symbol=eq.ARAB.EGX&order=date.desc&limit=300 "HTTP/2 200 OK"
2026-06-19 18:17:22 [INFO] httpx: HTTP Request: GET https://gfcmaxbtscmizsakarvc.supabase.co/rest/v1/stock_prices?select=date%2Copen%2Chigh%2Clow%2Cclose%2Cvolume&symbol=eq.ARCC.EGX&order=date.desc&limit=300 "HTTP/2 200 OK"
2026-06-19 18:17:23 [INFO] httpx: HTTP Request: GET https://gfcmaxbtscmizsakarvc.supabase.co/rest/v1/stock_prices?select=date%2Copen%2Chigh%2Clow%2Cclose%2Cvolume&symbol=eq.AREH.EGX&order=date.desc&limit=300 "HTTP/2 200 OK"
2026-06-19 18:17:23 [INFO] httpx: HTTP Request: GET https://gfcmaxbtscmizsakarvc.supabase.co/rest/v1/stock_prices?select=date%2Copen%2Chigh%2Clow%2Cclose%2Cvolume&symbol=eq.ARVA.EGX&order=date.desc&limit=300 "HTTP/2 200 OK"
2026-06-19 18:17:23 [INFO] httpx: HTTP Request: GET https://gfcmaxbtscmizsakarvc.supabase.co/rest/v1/stock_prices?select=date%2Copen%2Chigh%2Clow%2Cclose%2Cvolume&symbol=eq.AUTO.EGX&order=date.desc&limit=300 "HTTP/2 200 OK"
2026-06-19 18:17:23 [INFO] httpx: HTTP Request: GET https://gfcmaxbtscmizsakarvc.supabase.co/rest/v1/stock_prices?select=date%2Copen%2Chigh%2Clow%2Cclose%2Cvolume&symbol=eq.ATQA.EGX&order=date.desc&limit=300 "HTTP/2 200 OK"
2026-06-19 18:17:23 [INFO] httpx: HTTP Request: GET https://gfcmaxbtscmizsakarvc.supabase.co/rest/v1/stock_prices?select=date%2Copen%2Chigh%2Clow%2Cclose%2Cvolume&symbol=eq.ASCM.EGX&order=date.desc&limit=300 "HTTP/2 200 OK"
2026-06-19 18:17:23 [INFO] httpx: HTTP Request: GET https://gfcmaxbtscmizsakarvc.supabase.co/rest/v1/stock_prices?select=date%2Copen%2Chigh%2Clow%2Cclose%2Cvolume&symbol=eq.ASPI.EGX&order=date.desc&limit=300 "HTTP/2 200 OK"
2026-06-19 18:17:23 [INFO] httpx: HTTP Request: GET https://gfcmaxbtscmizsakarvc.supabase.co/rest/v1/stock_prices?select=date%2Copen%2Chigh%2Clow%2Cclose%2Cvolume&symbol=eq.AREHA.EGX&order=date.desc&limit=300 "HTTP/2 200 OK"
2026-06-19 18:17:23 [INFO] httpx: HTTP Request: GET https://gfcmaxbtscmizsakarvc.supabase.co/rest/v1/stock_prices?select=date%2Copen%2Chigh%2Clow%2Cclose%2Cvolume&symbol=eq.ATLC.EGX&order=date.desc&limit=300 "HTTP/2 200 OK"
2026-06-19 18:17:23 [INFO] httpx: HTTP Request: GET https://gfcmaxbtscmizsakarvc.supabase.co/rest/v1/stock_prices?select=date%2Copen%2Chigh%2Clow%2Cclose%2Cvolume&symbol=eq.AXPH.EGX&order=date.desc&limit=300 "HTTP/2 200 OK"
2026-06-19 18:17:23 [INFO] httpx: HTTP Request: GET https://gfcmaxbtscmizsakarvc.supabase.co/rest/v1/stock_prices?select=date%2Copen%2Chigh%2Clow%2Cclose%2Cvolume&symbol=eq.BINV.EGX&order=date.desc&limit=300 "HTTP/2 200 OK"
2026-06-19 18:17:23 [INFO] httpx: HTTP Request: GET https://gfcmaxbtscmizsakarvc.supabase.co/rest/v1/stock_prices?select=date%2Copen%2Chigh%2Clow%2Cclose%2Cvolume&symbol=eq.BTFH.EGX&order=date.desc&limit=300 "HTTP/2 200 OK"
2026-06-19 18:17:23 [INFO] httpx: HTTP Request: GET https://gfcmaxbtscmizsakarvc.supabase.co/rest/v1/stock_prices?select=date%2Copen%2Chigh%2Clow%2Cclose%2Cvolume&symbol=eq.BONY.EGX&order=date.desc&limit=300 "HTTP/2 200 OK"
2026-06-19 18:17:23 [INFO] httpx: HTTP Request: GET https://gfcmaxbtscmizsakarvc.supabase.co/rest/v1/stock_prices?select=date%2Copen%2Chigh%2Clow%2Cclose%2Cvolume&symbol=eq.CAED.EGX&order=date.desc&limit=300 "HTTP/2 200 OK"
2026-06-19 18:17:23 [INFO] httpx: HTTP Request: GET https://gfcmaxbtscmizsakarvc.supabase.co/rest/v1/stock_prices?select=date%2Copen%2Chigh%2Clow%2Cclose%2Cvolume&symbol=eq.BIOC.EGX&order=date.desc&limit=300 "HTTP/2 200 OK"
2026-06-19 18:17:23 [INFO] httpx: HTTP Request: GET https://gfcmaxbtscmizsakarvc.supabase.co/rest/v1/stock_prices?select=date%2Copen%2Chigh%2Clow%2Cclose%2Cvolume&symbol=eq.CANA.EGX&order=date.desc&limit=300 "HTTP/2 200 OK"
2026-06-19 18:17:23 [INFO] httpx: HTTP Request: GET https://gfcmaxbtscmizsakarvc.supabase.co/rest/v1/stock_prices?select=date%2Copen%2Chigh%2Clow%2Cclose%2Cvolume&symbol=eq.CCAP.EGX&order=date.desc&limit=300 "HTTP/2 200 OK"
2026-06-19 18:17:23 [INFO] httpx: HTTP Request: GET https://gfcmaxbtscmizsakarvc.supabase.co/rest/v1/stock_prices?select=date%2Copen%2Chigh%2Clow%2Cclose%2Cvolume&symbol=eq.CEFM.EGX&order=date.desc&limit=300 "HTTP/2 200 OK"
2026-06-19 18:17:23 [INFO] httpx: HTTP Request: GET https://gfcmaxbtscmizsakarvc.supabase.co/rest/v1/stock_prices?select=date%2Copen%2Chigh%2Clow%2Cclose%2Cvolume&symbol=eq.CICH.EGX&order=date.desc&limit=300 "HTTP/2 200 OK"
2026-06-19 18:17:23 [INFO] httpx: HTTP Request: GET https://gfcmaxbtscmizsakarvc.supabase.co/rest/v1/stock_prices?select=date%2Copen%2Chigh%2Clow%2Cclose%2Cvolume&symbol=eq.CIEB.EGX&order=date.desc&limit=300 "HTTP/2 200 OK"
2026-06-19 18:17:23 [INFO] httpx: HTTP Request: GET https://gfcmaxbtscmizsakarvc.supabase.co/rest/v1/stock_prices?select=date%2Copen%2Chigh%2Clow%2Cclose%2Cvolume&symbol=eq.CIRA.EGX&order=date.desc&limit=300 "HTTP/2 200 OK"
2026-06-19 18:17:23 [INFO] httpx: HTTP Request: GET https://gfcmaxbtscmizsakarvc.supabase.co/rest/v1/stock_prices?select=date%2Copen%2Chigh%2Clow%2Cclose%2Cvolume&symbol=eq.CFGH.EGX&order=date.desc&limit=300 "HTTP/2 200 OK"
2026-06-19 18:17:23 [INFO] httpx: HTTP Request: GET https://gfcmaxbtscmizsakarvc.supabase.co/rest/v1/stock_prices?select=date%2Copen%2Chigh%2Clow%2Cclose%2Cvolume&symbol=eq.CIRF.EGX&order=date.desc&limit=300 "HTTP/2 200 OK"
2026-06-19 18:17:23 [INFO] httpx: HTTP Request: GET https://gfcmaxbtscmizsakarvc.supabase.co/rest/v1/stock_prices?select=date%2Copen%2Chigh%2Clow%2Cclose%2Cvolume&symbol=eq.CCRS.EGX&order=date.desc&limit=300 "HTTP/2 200 OK"
2026-06-19 18:17:23 [INFO] httpx: HTTP Request: GET https://gfcmaxbtscmizsakarvc.supabase.co/rest/v1/stock_prices?select=date%2Copen%2Chigh%2Clow%2Cclose%2Cvolume&symbol=eq.CLHO.EGX&order=date.desc&limit=300 "HTTP/2 200 OK"
2026-06-19 18:17:23 [INFO] httpx: HTTP Request: GET https://gfcmaxbtscmizsakarvc.supabase.co/rest/v1/stock_prices?select=date%2Copen%2Chigh%2Clow%2Cclose%2Cvolume&symbol=eq.CERA.EGX&order=date.desc&limit=300 "HTTP/2 200 OK"
2026-06-19 18:17:23 [INFO] httpx: HTTP Request: GET https://gfcmaxbtscmizsakarvc.supabase.co/rest/v1/stock_prices?select=date%2Copen%2Chigh%2Clow%2Cclose%2Cvolume&symbol=eq.CNFN.EGX&order=date.desc&limit=300 "HTTP/2 200 OK"
2026-06-19 18:17:23 [INFO] httpx: HTTP Request: GET https://gfcmaxbtscmizsakarvc.supabase.co/rest/v1/stock_prices?select=date%2Copen%2Chigh%2Clow%2Cclose%2Cvolume&symbol=eq.COMI.EGX&order=date.desc&limit=300 "HTTP/2 200 OK"
2026-06-19 18:17:23 [INFO] httpx: HTTP Request: GET https://gfcmaxbtscmizsakarvc.supabase.co/rest/v1/stock_prices?select=date%2Copen%2Chigh%2Clow%2Cclose%2Cvolume&symbol=eq.COSG.EGX&order=date.desc&limit=300 "HTTP/2 200 OK"
2026-06-19 18:17:23 [INFO] httpx: HTTP Request: GET https://gfcmaxbtscmizsakarvc.supabase.co/rest/v1/stock_prices?select=date%2Copen%2Chigh%2Clow%2Cclose%2Cvolume&symbol=eq.CPCI.EGX&order=date.desc&limit=300 "HTTP/2 200 OK"
2026-06-19 18:17:23 [INFO] httpx: HTTP Request: GET https://gfcmaxbtscmizsakarvc.supabase.co/rest/v1/stock_prices?select=date%2Copen%2Chigh%2Clow%2Cclose%2Cvolume&symbol=eq.COPR.EGX&order=date.desc&limit=300 "HTTP/2 200 OK"
2026-06-19 18:17:23 [INFO] httpx: HTTP Request: GET https://gfcmaxbtscmizsakarvc.supabase.co/rest/v1/stock_prices?select=date%2Copen%2Chigh%2Clow%2Cclose%2Cvolume&symbol=eq.ECAP.EGX&order=date.desc&limit=300 "HTTP/2 200 OK"
2026-06-19 18:17:23 [INFO] httpx: HTTP Request: GET https://gfcmaxbtscmizsakarvc.supabase.co/rest/v1/stock_prices?select=date%2Copen%2Chigh%2Clow%2Cclose%2Cvolume&symbol=eq.DCRC.EGX&order=date.desc&limit=300 "HTTP/2 200 OK"
2026-06-19 18:17:23 [INFO] httpx: HTTP Request: GET https://gfcmaxbtscmizsakarvc.supabase.co/rest/v1/stock_prices?select=date%2Copen%2Chigh%2Clow%2Cclose%2Cvolume&symbol=eq.EAST.EGX&order=date.desc&limit=300 "HTTP/2 200 OK"
2026-06-19 18:17:23 [INFO] httpx: HTTP Request: GET https://gfcmaxbtscmizsakarvc.supabase.co/rest/v1/stock_prices?select=date%2Copen%2Chigh%2Clow%2Cclose%2Cvolume&symbol=eq.EBSC.EGX&order=date.desc&limit=300 "HTTP/2 200 OK"
2026-06-19 18:17:23 [INFO] httpx: HTTP Request: GET https://gfcmaxbtscmizsakarvc.supabase.co/rest/v1/stock_prices?select=date%2Copen%2Chigh%2Clow%2Cclose%2Cvolume&symbol=eq.EALR.EGX&order=date.desc&limit=300 "HTTP/2 200 OK"
2026-06-19 18:17:23 [INFO] httpx: HTTP Request: GET https://gfcmaxbtscmizsakarvc.supabase.co/rest/v1/stock_prices?select=date%2Copen%2Chigh%2Clow%2Cclose%2Cvolume&symbol=eq.CRST.EGX&order=date.desc&limit=300 "HTTP/2 200 OK"
2026-06-19 18:17:23 [INFO] httpx: HTTP Request: GET https://gfcmaxbtscmizsakarvc.supabase.co/rest/v1/stock_prices?select=date%2Copen%2Chigh%2Clow%2Cclose%2Cvolume&symbol=eq.DEIN.EGX&order=date.desc&limit=300 "HTTP/2 200 OK"
2026-06-19 18:17:23 [INFO] httpx: HTTP Request: GET https://gfcmaxbtscmizsakarvc.supabase.co/rest/v1/stock_prices?select=date%2Copen%2Chigh%2Clow%2Cclose%2Cvolume&symbol=eq.CSAG.EGX&order=date.desc&limit=300 "HTTP/2 200 OK"
2026-06-19 18:17:23 [INFO] httpx: HTTP Request: GET https://gfcmaxbtscmizsakarvc.supabase.co/rest/v1/stock_prices?select=date%2Copen%2Chigh%2Clow%2Cclose%2Cvolume&symbol=eq.CPME.EGX&order=date.desc&limit=300 "HTTP/2 200 OK"
2026-06-19 18:17:23 [INFO] httpx: HTTP Request: GET https://gfcmaxbtscmizsakarvc.supabase.co/rest/v1/stock_prices?select=date%2Copen%2Chigh%2Clow%2Cclose%2Cvolume&symbol=eq.DAPH.EGX&order=date.desc&limit=300 "HTTP/2 200 OK"
2026-06-19 18:17:23 [INFO] httpx: HTTP Request: GET https://gfcmaxbtscmizsakarvc.supabase.co/rest/v1/stock_prices?select=date%2Copen%2Chigh%2Clow%2Cclose%2Cvolume&symbol=eq.DGTZ.EGX&order=date.desc&limit=300 "HTTP/2 200 OK"
2026-06-19 18:17:23 [INFO] httpx: HTTP Request: GET https://gfcmaxbtscmizsakarvc.supabase.co/rest/v1/stock_prices?select=date%2Copen%2Chigh%2Clow%2Cclose%2Cvolume&symbol=eq.DOMT.EGX&order=date.desc&limit=300 "HTTP/2 200 OK"
2026-06-19 18:17:23 [INFO] httpx: HTTP Request: GET https://gfcmaxbtscmizsakarvc.supabase.co/rest/v1/stock_prices?select=date%2Copen%2Chigh%2Clow%2Cclose%2Cvolume&symbol=eq.DSCW.EGX&order=date.desc&limit=300 "HTTP/2 200 OK"
2026-06-19 18:17:23 [INFO] httpx: HTTP Request: GET https://gfcmaxbtscmizsakarvc.supabase.co/rest/v1/stock_prices?select=date%2Copen%2Chigh%2Clow%2Cclose%2Cvolume&symbol=eq.DTPP.EGX&order=date.desc&limit=300 "HTTP/2 200 OK"
2026-06-19 18:17:23 [INFO] httpx: HTTP Request: GET https://gfcmaxbtscmizsakarvc.supabase.co/rest/v1/stock_prices?select=date%2Copen%2Chigh%2Clow%2Cclose%2Cvolume&symbol=eq.EASB.EGX&order=date.desc&limit=300 "HTTP/2 200 OK"
2026-06-19 18:17:23 [INFO] httpx: HTTP Request: GET https://gfcmaxbtscmizsakarvc.supabase.co/rest/v1/stock_prices?select=date%2Copen%2Chigh%2Clow%2Cclose%2Cvolume&symbol=eq.EFIC.EGX&order=date.desc&limit=300 "HTTP/2 200 OK"
2026-06-19 18:17:23 [INFO] httpx: HTTP Request: GET https://gfcmaxbtscmizsakarvc.supabase.co/rest/v1/stock_prices?select=date%2Copen%2Chigh%2Clow%2Cclose%2Cvolume&symbol=eq.EDFM.EGX&order=date.desc&limit=300 "HTTP/2 200 OK"
2026-06-19 18:17:23 [INFO] httpx: HTTP Request: GET https://gfcmaxbtscmizsakarvc.supabase.co/rest/v1/stock_prices?select=date%2Copen%2Chigh%2Clow%2Cclose%2Cvolume&symbol=eq.EEII.EGX&order=date.desc&limit=300 "HTTP/2 200 OK"
2026-06-19 18:17:23 [INFO] httpx: HTTP Request: GET https://gfcmaxbtscmizsakarvc.supabase.co/rest/v1/stock_prices?select=date%2Copen%2Chigh%2Clow%2Cclose%2Cvolume&symbol=eq.EDBM.EGX&order=date.desc&limit=300 "HTTP/2 200 OK"
2026-06-19 18:17:23 [INFO] httpx: HTTP Request: GET https://gfcmaxbtscmizsakarvc.supabase.co/rest/v1/stock_prices?select=date%2Copen%2Chigh%2Clow%2Cclose%2Cvolume&symbol=eq.EFIH.EGX&order=date.desc&limit=300 "HTTP/2 200 OK"
2026-06-19 18:17:23 [INFO] httpx: HTTP Request: GET https://gfcmaxbtscmizsakarvc.supabase.co/rest/v1/stock_prices?select=date%2Copen%2Chigh%2Clow%2Cclose%2Cvolume&symbol=eq.EFMP.EGX&order=date.desc&limit=300 "HTTP/2 200 OK"
2026-06-19 18:17:23 [INFO] httpx: HTTP Request: GET https://gfcmaxbtscmizsakarvc.supabase.co/rest/v1/stock_prices?select=date%2Copen%2Chigh%2Clow%2Cclose%2Cvolume&symbol=eq.EGBE.EGX&order=date.desc&limit=300 "HTTP/2 200 OK"
2026-06-19 18:17:23 [INFO] httpx: HTTP Request: GET https://gfcmaxbtscmizsakarvc.supabase.co/rest/v1/stock_prices?select=date%2Copen%2Chigh%2Clow%2Cclose%2Cvolume&symbol=eq.EGCH.EGX&order=date.desc&limit=300 "HTTP/2 200 OK"
2026-06-19 18:17:23 [INFO] httpx: HTTP Request: GET https://gfcmaxbtscmizsakarvc.supabase.co/rest/v1/stock_prices?select=date%2Copen%2Chigh%2Clow%2Cclose%2Cvolume&symbol=eq.EGREF.EGX&order=date.desc&limit=300 "HTTP/2 200 OK"
2026-06-19 18:17:23 [INFO] httpx: HTTP Request: GET https://gfcmaxbtscmizsakarvc.supabase.co/rest/v1/stock_prices?select=date%2Copen%2Chigh%2Clow%2Cclose%2Cvolume&symbol=eq.EGSA.EGX&order=date.desc&limit=300 "HTTP/2 200 OK"
2026-06-19 18:17:23 [INFO] httpx: HTTP Request: GET https://gfcmaxbtscmizsakarvc.supabase.co/rest/v1/stock_prices?select=date%2Copen%2Chigh%2Clow%2Cclose%2Cvolume&symbol=eq.EFID.EGX&order=date.desc&limit=300 "HTTP/2 200 OK"
2026-06-19 18:17:23 [INFO] httpx: HTTP Request: GET https://gfcmaxbtscmizsakarvc.supabase.co/rest/v1/stock_prices?select=date%2Copen%2Chigh%2Clow%2Cclose%2Cvolume&symbol=eq.EGAL.EGX&order=date.desc&limit=300 "HTTP/2 200 OK"
2026-06-19 18:17:23 [INFO] httpx: HTTP Request: GET https://gfcmaxbtscmizsakarvc.supabase.co/rest/v1/stock_prices?select=date%2Copen%2Chigh%2Clow%2Cclose%2Cvolume&symbol=eq.EGAS.EGX&order=date.desc&limit=300 "HTTP/2 200 OK"
2026-06-19 18:17:23 [INFO] httpx: HTTP Request: GET https://gfcmaxbtscmizsakarvc.supabase.co/rest/v1/stock_prices?select=date%2Copen%2Chigh%2Clow%2Cclose%2Cvolume&symbol=eq.EHDR.EGX&order=date.desc&limit=300 "HTTP/2 200 OK"
2026-06-19 18:17:23 [INFO] httpx: HTTP Request: GET https://gfcmaxbtscmizsakarvc.supabase.co/rest/v1/stock_prices?select=date%2Copen%2Chigh%2Clow%2Cclose%2Cvolume&symbol=eq.EGTS.EGX&order=date.desc&limit=300 "HTTP/2 200 OK"
2026-06-19 18:17:23 [INFO] httpx: HTTP Request: GET https://gfcmaxbtscmizsakarvc.supabase.co/rest/v1/stock_prices?select=date%2Copen%2Chigh%2Clow%2Cclose%2Cvolume&symbol=eq.EPCO.EGX&order=date.desc&limit=300 "HTTP/2 200 OK"
2026-06-19 18:17:23 [INFO] httpx: HTTP Request: GET https://gfcmaxbtscmizsakarvc.supabase.co/rest/v1/stock_prices?select=date%2Copen%2Chigh%2Clow%2Cclose%2Cvolume&symbol=eq.EOSB.EGX&order=date.desc&limit=300 "HTTP/2 200 OK"
2026-06-19 18:17:23 [INFO] httpx: HTTP Request: GET https://gfcmaxbtscmizsakarvc.supabase.co/rest/v1/stock_prices?select=date%2Copen%2Chigh%2Clow%2Cclose%2Cvolume&symbol=eq.ELEC.EGX&order=date.desc&limit=300 "HTTP/2 200 OK"
2026-06-19 18:17:23 [INFO] httpx: HTTP Request: GET https://gfcmaxbtscmizsakarvc.supabase.co/rest/v1/stock_prices?select=date%2Copen%2Chigh%2Clow%2Cclose%2Cvolume&symbol=eq.EITP.EGX&order=date.desc&limit=300 "HTTP/2 200 OK"
2026-06-19 18:17:23 [INFO] httpx: HTTP Request: GET https://gfcmaxbtscmizsakarvc.supabase.co/rest/v1/stock_prices?select=date%2Copen%2Chigh%2Clow%2Cclose%2Cvolume&symbol=eq.EPPK.EGX&order=date.desc&limit=300 "HTTP/2 200 OK"
2026-06-19 18:17:23 [INFO] httpx: HTTP Request: GET https://gfcmaxbtscmizsakarvc.supabase.co/rest/v1/stock_prices?select=date%2Copen%2Chigh%2Clow%2Cclose%2Cvolume&symbol=eq.ESGI.EGX&order=date.desc&limit=300 "HTTP/2 200 OK"
2026-06-19 18:17:23 [INFO] httpx: HTTP Request: GET https://gfcmaxbtscmizsakarvc.supabase.co/rest/v1/stock_prices?select=date%2Copen%2Chigh%2Clow%2Cclose%2Cvolume&symbol=eq.ETEL.EGX&order=date.desc&limit=300 "HTTP/2 200 OK"
2026-06-19 18:17:23 [INFO] httpx: HTTP Request: GET https://gfcmaxbtscmizsakarvc.supabase.co/rest/v1/stock_prices?select=date%2Copen%2Chigh%2Clow%2Cclose%2Cvolume&symbol=eq.ELNA.EGX&order=date.desc&limit=300 "HTTP/2 200 OK"
2026-06-19 18:17:23 [INFO] httpx: HTTP Request: GET https://gfcmaxbtscmizsakarvc.supabase.co/rest/v1/stock_prices?select=date%2Copen%2Chigh%2Clow%2Cclose%2Cvolume&symbol=eq.ELKA.EGX&order=date.desc&limit=300 "HTTP/2 200 OK"
2026-06-19 18:17:23 [INFO] httpx: HTTP Request: GET https://gfcmaxbtscmizsakarvc.supabase.co/rest/v1/stock_prices?select=date%2Copen%2Chigh%2Clow%2Cclose%2Cvolume&symbol=eq.EMFD.EGX&order=date.desc&limit=300 "HTTP/2 200 OK"
2026-06-19 18:17:23 [INFO] httpx: HTTP Request: GET https://gfcmaxbtscmizsakarvc.supabase.co/rest/v1/stock_prices?select=date%2Copen%2Chigh%2Clow%2Cclose%2Cvolume&symbol=eq.EMRI.EGX&order=date.desc&limit=300 "HTTP/2 200 OK"
2026-06-19 18:17:23 [INFO] httpx: HTTP Request: GET https://gfcmaxbtscmizsakarvc.supabase.co/rest/v1/stock_prices?select=date%2Copen%2Chigh%2Clow%2Cclose%2Cvolume&symbol=eq.ENGC.EGX&order=date.desc&limit=300 "HTTP/2 200 OK"
2026-06-19 18:17:23 [INFO] httpx: HTTP Request: GET https://gfcmaxbtscmizsakarvc.supabase.co/rest/v1/stock_prices?select=date%2Copen%2Chigh%2Clow%2Cclose%2Cvolume&symbol=eq.ETRS.EGX&order=date.desc&limit=300 "HTTP/2 200 OK"
2026-06-19 18:17:23 [INFO] httpx: HTTP Request: GET https://gfcmaxbtscmizsakarvc.supabase.co/rest/v1/stock_prices?select=date%2Copen%2Chigh%2Clow%2Cclose%2Cvolume&symbol=eq.ELSH.EGX&order=date.desc&limit=300 "HTTP/2 200 OK"
2026-06-19 18:17:23 [INFO] httpx: HTTP Request: GET https://gfcmaxbtscmizsakarvc.supabase.co/rest/v1/stock_prices?select=date%2Copen%2Chigh%2Clow%2Cclose%2Cvolume&symbol=eq.EXPA.EGX&order=date.desc&limit=300 "HTTP/2 200 OK"
2026-06-19 18:17:24 [INFO] httpx: HTTP Request: GET https://gfcmaxbtscmizsakarvc.supabase.co/rest/v1/stock_prices?select=date%2Copen%2Chigh%2Clow%2Cclose%2Cvolume&symbol=eq.GOUR.EGX&order=date.desc&limit=300 "HTTP/2 200 OK"
2026-06-19 18:17:24 [INFO] httpx: HTTP Request: GET https://gfcmaxbtscmizsakarvc.supabase.co/rest/v1/stock_prices?select=date%2Copen%2Chigh%2Clow%2Cclose%2Cvolume&symbol=eq.GDWA.EGX&order=date.desc&limit=300 "HTTP/2 200 OK"
2026-06-19 18:17:24 [INFO] httpx: HTTP Request: GET https://gfcmaxbtscmizsakarvc.supabase.co/rest/v1/stock_prices?select=date%2Copen%2Chigh%2Clow%2Cclose%2Cvolume&symbol=eq.GGCC.EGX&order=date.desc&limit=300 "HTTP/2 200 OK"
2026-06-19 18:17:24 [INFO] httpx: HTTP Request: GET https://gfcmaxbtscmizsakarvc.supabase.co/rest/v1/stock_prices?select=date%2Copen%2Chigh%2Clow%2Cclose%2Cvolume&symbol=eq.GGRN.EGX&order=date.desc&limit=300 "HTTP/2 200 OK"
2026-06-19 18:17:24 [INFO] httpx: HTTP Request: GET https://gfcmaxbtscmizsakarvc.supabase.co/rest/v1/stock_prices?select=date%2Copen%2Chigh%2Clow%2Cclose%2Cvolume&symbol=eq.GIHD.EGX&order=date.desc&limit=300 "HTTP/2 200 OK"
2026-06-19 18:17:24 [INFO] httpx: HTTP Request: GET https://gfcmaxbtscmizsakarvc.supabase.co/rest/v1/stock_prices?select=date%2Copen%2Chigh%2Clow%2Cclose%2Cvolume&symbol=eq.GMCI.EGX&order=date.desc&limit=300 "HTTP/2 200 OK"
2026-06-19 18:17:24 [INFO] httpx: HTTP Request: GET https://gfcmaxbtscmizsakarvc.supabase.co/rest/v1/stock_prices?select=date%2Copen%2Chigh%2Clow%2Cclose%2Cvolume&symbol=eq.GBCO.EGX&order=date.desc&limit=300 "HTTP/2 200 OK"
2026-06-19 18:17:24 [INFO] httpx: HTTP Request: GET https://gfcmaxbtscmizsakarvc.supabase.co/rest/v1/stock_prices?select=date%2Copen%2Chigh%2Clow%2Cclose%2Cvolume&symbol=eq.GPIM.EGX&order=date.desc&limit=300 "HTTP/2 200 OK"
2026-06-19 18:17:24 [INFO] httpx: HTTP Request: GET https://gfcmaxbtscmizsakarvc.supabase.co/rest/v1/stock_prices?select=date%2Copen%2Chigh%2Clow%2Cclose%2Cvolume&symbol=eq.GOCO.EGX&order=date.desc&limit=300 "HTTP/2 200 OK"
2026-06-19 18:17:24 [INFO] httpx: HTTP Request: GET https://gfcmaxbtscmizsakarvc.supabase.co/rest/v1/stock_prices?select=date%2Copen%2Chigh%2Clow%2Cclose%2Cvolume&symbol=eq.FERC.EGX&order=date.desc&limit=300 "HTTP/2 200 OK"
2026-06-19 18:17:24 [INFO] httpx: HTTP Request: GET https://gfcmaxbtscmizsakarvc.supabase.co/rest/v1/stock_prices?select=date%2Copen%2Chigh%2Clow%2Cclose%2Cvolume&symbol=eq.FAIT.EGX&order=date.desc&limit=300 "HTTP/2 200 OK"
2026-06-19 18:17:24 [INFO] httpx: HTTP Request: GET https://gfcmaxbtscmizsakarvc.supabase.co/rest/v1/stock_prices?select=date%2Copen%2Chigh%2Clow%2Cclose%2Cvolume&symbol=eq.FWRY.EGX&order=date.desc&limit=300 "HTTP/2 200 OK"
2026-06-19 18:17:24 [INFO] httpx: HTTP Request: GET https://gfcmaxbtscmizsakarvc.supabase.co/rest/v1/stock_prices?select=date%2Copen%2Chigh%2Clow%2Cclose%2Cvolume&symbol=eq.FAITA.EGX&order=date.desc&limit=300 "HTTP/2 200 OK"
2026-06-19 18:17:24 [INFO] httpx: HTTP Request: GET https://gfcmaxbtscmizsakarvc.supabase.co/rest/v1/stock_prices?select=date%2Copen%2Chigh%2Clow%2Cclose%2Cvolume&symbol=eq.GRCA.EGX&order=date.desc&limit=300 "HTTP/2 200 OK"
2026-06-19 18:17:24 [INFO] httpx: HTTP Request: GET https://gfcmaxbtscmizsakarvc.supabase.co/rest/v1/stock_prices?select=date%2Copen%2Chigh%2Clow%2Cclose%2Cvolume&symbol=eq.GPPL.EGX&order=date.desc&limit=300 "HTTP/2 200 OK"
2026-06-19 18:17:24 [INFO] httpx: HTTP Request: GET https://gfcmaxbtscmizsakarvc.supabase.co/rest/v1/stock_prices?select=date%2Copen%2Chigh%2Clow%2Cclose%2Cvolume&symbol=eq.GTHE.EGX&order=date.desc&limit=300 "HTTP/2 200 OK"
2026-06-19 18:17:24 [INFO] httpx: HTTP Request: GET https://gfcmaxbtscmizsakarvc.supabase.co/rest/v1/stock_prices?select=date%2Copen%2Chigh%2Clow%2Cclose%2Cvolume&symbol=eq.HELI.EGX&order=date.desc&limit=300 "HTTP/2 200 OK"
2026-06-19 18:17:24 [INFO] httpx: HTTP Request: GET https://gfcmaxbtscmizsakarvc.supabase.co/rest/v1/stock_prices?select=date%2Copen%2Chigh%2Clow%2Cclose%2Cvolume&symbol=eq.IDRE.EGX&order=date.desc&limit=300 "HTTP/2 200 OK"
2026-06-19 18:17:24 [INFO] httpx: HTTP Request: GET https://gfcmaxbtscmizsakarvc.supabase.co/rest/v1/stock_prices?select=date%2Copen%2Chigh%2Clow%2Cclose%2Cvolume&symbol=eq.GSSC.EGX&order=date.desc&limit=300 "HTTP/2 200 OK"
2026-06-19 18:17:24 [INFO] httpx: HTTP Request: GET https://gfcmaxbtscmizsakarvc.supabase.co/rest/v1/stock_prices?select=date%2Copen%2Chigh%2Clow%2Cclose%2Cvolume&symbol=eq.GTWL.EGX&order=date.desc&limit=300 "HTTP/2 200 OK"
2026-06-19 18:17:24 [INFO] httpx: HTTP Request: GET https://gfcmaxbtscmizsakarvc.supabase.co/rest/v1/stock_prices?select=date%2Copen%2Chigh%2Clow%2Cclose%2Cvolume&symbol=eq.GTEX.EGX&order=date.desc&limit=300 "HTTP/2 200 OK"
2026-06-19 18:17:24 [INFO] httpx: HTTP Request: GET https://gfcmaxbtscmizsakarvc.supabase.co/rest/v1/stock_prices?select=date%2Copen%2Chigh%2Clow%2Cclose%2Cvolume&symbol=eq.HDBK.EGX&order=date.desc&limit=300 "HTTP/2 200 OK"
2026-06-19 18:17:24 [INFO] httpx: HTTP Request: GET https://gfcmaxbtscmizsakarvc.supabase.co/rest/v1/stock_prices?select=date%2Copen%2Chigh%2Clow%2Cclose%2Cvolume&symbol=eq.HRHO.EGX&order=date.desc&limit=300 "HTTP/2 200 OK"
2026-06-19 18:17:24 [INFO] httpx: HTTP Request: GET https://gfcmaxbtscmizsakarvc.supabase.co/rest/v1/stock_prices?select=date%2Copen%2Chigh%2Clow%2Cclose%2Cvolume&symbol=eq.ICID.EGX&order=date.desc&limit=300 "HTTP/2 200 OK"
2026-06-19 18:17:24 [INFO] httpx: HTTP Request: GET https://gfcmaxbtscmizsakarvc.supabase.co/rest/v1/stock_prices?select=date%2Copen%2Chigh%2Clow%2Cclose%2Cvolume&symbol=eq.ICAL.EGX&order=date.desc&limit=300 "HTTP/2 200 OK"
2026-06-19 18:17:24 [INFO] httpx: HTTP Request: GET https://gfcmaxbtscmizsakarvc.supabase.co/rest/v1/stock_prices?select=date%2Copen%2Chigh%2Clow%2Cclose%2Cvolume&symbol=eq.ICLE.EGX&order=date.desc&limit=300 "HTTP/2 200 OK"
2026-06-19 18:17:24 [INFO] httpx: HTTP Request: GET https://gfcmaxbtscmizsakarvc.supabase.co/rest/v1/stock_prices?select=date%2Copen%2Chigh%2Clow%2Cclose%2Cvolume&symbol=eq.ICFC.EGX&order=date.desc&limit=300 "HTTP/2 200 OK"
2026-06-19 18:17:24 [INFO] httpx: HTTP Request: GET https://gfcmaxbtscmizsakarvc.supabase.co/rest/v1/stock_prices?select=date%2Copen%2Chigh%2Clow%2Cclose%2Cvolume&symbol=eq.IDHC.EGX&order=date.desc&limit=300 "HTTP/2 200 OK"
2026-06-19 18:17:24 [INFO] httpx: HTTP Request: GET https://gfcmaxbtscmizsakarvc.supabase.co/rest/v1/stock_prices?select=date%2Copen%2Chigh%2Clow%2Cclose%2Cvolume&symbol=eq.IFAP.EGX&order=date.desc&limit=300 "HTTP/2 200 OK"
2026-06-19 18:17:24 [INFO] httpx: HTTP Request: GET https://gfcmaxbtscmizsakarvc.supabase.co/rest/v1/stock_prices?select=date%2Copen%2Chigh%2Clow%2Cclose%2Cvolume&symbol=eq.IEEC.EGX&order=date.desc&limit=300 "HTTP/2 200 OK"
2026-06-19 18:17:24 [INFO] httpx: HTTP Request: GET https://gfcmaxbtscmizsakarvc.supabase.co/rest/v1/stock_prices?select=date%2Copen%2Chigh%2Clow%2Cclose%2Cvolume&symbol=eq.JUFO.EGX&order=date.desc&limit=300 "HTTP/2 200 OK"
2026-06-19 18:17:24 [INFO] httpx: HTTP Request: GET https://gfcmaxbtscmizsakarvc.supabase.co/rest/v1/stock_prices?select=date%2Copen%2Chigh%2Clow%2Cclose%2Cvolume&symbol=eq.KABO.EGX&order=date.desc&limit=300 "HTTP/2 200 OK"
2026-06-19 18:17:24 [INFO] httpx: HTTP Request: GET https://gfcmaxbtscmizsakarvc.supabase.co/rest/v1/stock_prices?select=date%2Copen%2Chigh%2Clow%2Cclose%2Cvolume&symbol=eq.KRDI.EGX&order=date.desc&limit=300 "HTTP/2 200 OK"
2026-06-19 18:17:24 [INFO] httpx: HTTP Request: GET https://gfcmaxbtscmizsakarvc.supabase.co/rest/v1/stock_prices?select=date%2Copen%2Chigh%2Clow%2Cclose%2Cvolume&symbol=eq.LCSW.EGX&order=date.desc&limit=300 "HTTP/2 200 OK"
2026-06-19 18:17:24 [INFO] httpx: HTTP Request: GET https://gfcmaxbtscmizsakarvc.supabase.co/rest/v1/stock_prices?select=date%2Copen%2Chigh%2Clow%2Cclose%2Cvolume&symbol=eq.IRAX.EGX&order=date.desc&limit=300 "HTTP/2 200 OK"
2026-06-19 18:17:24 [INFO] httpx: HTTP Request: GET https://gfcmaxbtscmizsakarvc.supabase.co/rest/v1/stock_prices?select=date%2Copen%2Chigh%2Clow%2Cclose%2Cvolume&symbol=eq.IRON.EGX&order=date.desc&limit=300 "HTTP/2 200 OK"
2026-06-19 18:17:24 [INFO] httpx: HTTP Request: GET https://gfcmaxbtscmizsakarvc.supabase.co/rest/v1/stock_prices?select=date%2Copen%2Chigh%2Clow%2Cclose%2Cvolume&symbol=eq.IPPM.EGX&order=date.desc&limit=300 "HTTP/2 200 OK"
2026-06-19 18:17:24 [INFO] httpx: HTTP Request: GET https://gfcmaxbtscmizsakarvc.supabase.co/rest/v1/stock_prices?select=date%2Copen%2Chigh%2Clow%2Cclose%2Cvolume&symbol=eq.ISMA.EGX&order=date.desc&limit=300 "HTTP/2 200 OK"
2026-06-19 18:17:24 [INFO] httpx: HTTP Request: GET https://gfcmaxbtscmizsakarvc.supabase.co/rest/v1/stock_prices?select=date%2Copen%2Chigh%2Clow%2Cclose%2Cvolume&symbol=eq.ISMQ.EGX&order=date.desc&limit=300 "HTTP/2 200 OK"
2026-06-19 18:17:24 [INFO] httpx: HTTP Request: GET https://gfcmaxbtscmizsakarvc.supabase.co/rest/v1/stock_prices?select=date%2Copen%2Chigh%2Clow%2Cclose%2Cvolume&symbol=eq.ISPH.EGX&order=date.desc&limit=300 "HTTP/2 200 OK"
2026-06-19 18:17:24 [INFO] httpx: HTTP Request: GET https://gfcmaxbtscmizsakarvc.supabase.co/rest/v1/stock_prices?select=date%2Copen%2Chigh%2Clow%2Cclose%2Cvolume&symbol=eq.INFI.EGX&order=date.desc&limit=300 "HTTP/2 200 OK"
2026-06-19 18:17:24 [INFO] httpx: HTTP Request: GET https://gfcmaxbtscmizsakarvc.supabase.co/rest/v1/stock_prices?select=date%2Copen%2Chigh%2Clow%2Cclose%2Cvolume&symbol=eq.KASABF.EGX&order=date.desc&limit=300 "HTTP/2 200 OK"
2026-06-19 18:17:24 [INFO] httpx: HTTP Request: GET https://gfcmaxbtscmizsakarvc.supabase.co/rest/v1/stock_prices?select=date%2Copen%2Chigh%2Clow%2Cclose%2Cvolume&symbol=eq.KWIN.EGX&order=date.desc&limit=300 "HTTP/2 200 OK"
2026-06-19 18:17:24 [INFO] httpx: HTTP Request: GET https://gfcmaxbtscmizsakarvc.supabase.co/rest/v1/stock_prices?select=date%2Copen%2Chigh%2Clow%2Cclose%2Cvolume&symbol=eq.KZPC.EGX&order=date.desc&limit=300 "HTTP/2 200 OK"
2026-06-19 18:17:24 [INFO] httpx: HTTP Request: GET https://gfcmaxbtscmizsakarvc.supabase.co/rest/v1/stock_prices?select=date%2Copen%2Chigh%2Clow%2Cclose%2Cvolume&symbol=eq.LUTS.EGX&order=date.desc&limit=300 "HTTP/2 200 OK"
2026-06-19 18:17:24 [INFO] httpx: HTTP Request: GET https://gfcmaxbtscmizsakarvc.supabase.co/rest/v1/stock_prices?select=date%2Copen%2Chigh%2Clow%2Cclose%2Cvolume&symbol=eq.MATD.EGX&order=date.desc&limit=300 "HTTP/2 200 OK"
2026-06-19 18:17:24 [INFO] httpx: HTTP Request: GET https://gfcmaxbtscmizsakarvc.supabase.co/rest/v1/stock_prices?select=date%2Copen%2Chigh%2Clow%2Cclose%2Cvolume&symbol=eq.MEPA.EGX&order=date.desc&limit=300 "HTTP/2 200 OK"
2026-06-19 18:17:24 [INFO] httpx: HTTP Request: GET https://gfcmaxbtscmizsakarvc.supabase.co/rest/v1/stock_prices?select=date%2Copen%2Chigh%2Clow%2Cclose%2Cvolume&symbol=eq.MASR.EGX&order=date.desc&limit=300 "HTTP/2 200 OK"
2026-06-19 18:17:24 [INFO] httpx: HTTP Request: GET https://gfcmaxbtscmizsakarvc.supabase.co/rest/v1/stock_prices?select=date%2Copen%2Chigh%2Clow%2Cclose%2Cvolume&symbol=eq.MCRO.EGX&order=date.desc&limit=300 "HTTP/2 200 OK"
2026-06-19 18:17:24 [INFO] httpx: HTTP Request: GET https://gfcmaxbtscmizsakarvc.supabase.co/rest/v1/stock_prices?select=date%2Copen%2Chigh%2Clow%2Cclose%2Cvolume&symbol=eq.MENA.EGX&order=date.desc&limit=300 "HTTP/2 200 OK"
2026-06-19 18:17:24 [INFO] httpx: HTTP Request: GET https://gfcmaxbtscmizsakarvc.supabase.co/rest/v1/stock_prices?select=date%2Copen%2Chigh%2Clow%2Cclose%2Cvolume&symbol=eq.MEGM.EGX&order=date.desc&limit=300 "HTTP/2 200 OK"
2026-06-19 18:17:24 [INFO] httpx: HTTP Request: GET https://gfcmaxbtscmizsakarvc.supabase.co/rest/v1/stock_prices?select=date%2Copen%2Chigh%2Clow%2Cclose%2Cvolume&symbol=eq.MFPC.EGX&order=date.desc&limit=300 "HTTP/2 200 OK"
2026-06-19 18:17:24 [INFO] httpx: HTTP Request: GET https://gfcmaxbtscmizsakarvc.supabase.co/rest/v1/stock_prices?select=date%2Copen%2Chigh%2Clow%2Cclose%2Cvolume&symbol=eq.MAAL.EGX&order=date.desc&limit=300 "HTTP/2 200 OK"
2026-06-19 18:17:24 [INFO] httpx: HTTP Request: GET https://gfcmaxbtscmizsakarvc.supabase.co/rest/v1/stock_prices?select=date%2Copen%2Chigh%2Clow%2Cclose%2Cvolume&symbol=eq.MBEG.EGX&order=date.desc&limit=300 "HTTP/2 200 OK"
2026-06-19 18:17:24 [INFO] httpx: HTTP Request: GET https://gfcmaxbtscmizsakarvc.supabase.co/rest/v1/stock_prices?select=date%2Copen%2Chigh%2Clow%2Cclose%2Cvolume&symbol=eq.MBSC.EGX&order=date.desc&limit=300 "HTTP/2 200 OK"
2026-06-19 18:17:24 [INFO] httpx: HTTP Request: GET https://gfcmaxbtscmizsakarvc.supabase.co/rest/v1/stock_prices?select=date%2Copen%2Chigh%2Clow%2Cclose%2Cvolume&symbol=eq.MFIN.EGX&order=date.desc&limit=300 "HTTP/2 200 OK"
2026-06-19 18:17:24 [INFO] httpx: HTTP Request: GET https://gfcmaxbtscmizsakarvc.supabase.co/rest/v1/stock_prices?select=date%2Copen%2Chigh%2Clow%2Cclose%2Cvolume&symbol=eq.MEDP.EGX&order=date.desc&limit=300 "HTTP/2 200 OK"
2026-06-19 18:17:24 [INFO] httpx: HTTP Request: GET https://gfcmaxbtscmizsakarvc.supabase.co/rest/v1/stock_prices?select=date%2Copen%2Chigh%2Clow%2Cclose%2Cvolume&symbol=eq.MHOT.EGX&order=date.desc&limit=300 "HTTP/2 200 OK"
2026-06-19 18:17:24 [INFO] httpx: HTTP Request: GET https://gfcmaxbtscmizsakarvc.supabase.co/rest/v1/stock_prices?select=date%2Copen%2Chigh%2Clow%2Cclose%2Cvolume&symbol=eq.MFSC.EGX&order=date.desc&limit=300 "HTTP/2 200 OK"
2026-06-19 18:17:24 [INFO] httpx: HTTP Request: GET https://gfcmaxbtscmizsakarvc.supabase.co/rest/v1/stock_prices?select=date%2Copen%2Chigh%2Clow%2Cclose%2Cvolume&symbol=eq.MCQE.EGX&order=date.desc&limit=300 "HTTP/2 200 OK"
2026-06-19 18:17:25 [INFO] httpx: HTTP Request: GET https://gfcmaxbtscmizsakarvc.supabase.co/rest/v1/stock_prices?select=date%2Copen%2Chigh%2Clow%2Cclose%2Cvolume&symbol=eq.MILS.EGX&order=date.desc&limit=300 "HTTP/2 200 OK"
2026-06-19 18:17:25 [INFO] httpx: HTTP Request: GET https://gfcmaxbtscmizsakarvc.supabase.co/rest/v1/stock_prices?select=date%2Copen%2Chigh%2Clow%2Cclose%2Cvolume&symbol=eq.MOIL.EGX&order=date.desc&limit=300 "HTTP/2 200 OK"
2026-06-19 18:17:25 [INFO] httpx: HTTP Request: GET https://gfcmaxbtscmizsakarvc.supabase.co/rest/v1/stock_prices?select=date%2Copen%2Chigh%2Clow%2Cclose%2Cvolume&symbol=eq.MOED.EGX&order=date.desc&limit=300 "HTTP/2 200 OK"
2026-06-19 18:17:25 [INFO] httpx: HTTP Request: GET https://gfcmaxbtscmizsakarvc.supabase.co/rest/v1/stock_prices?select=date%2Copen%2Chigh%2Clow%2Cclose%2Cvolume&symbol=eq.MRCO.EGX&order=date.desc&limit=300 "HTTP/2 200 OK"
2026-06-19 18:17:25 [INFO] httpx: HTTP Request: GET https://gfcmaxbtscmizsakarvc.supabase.co/rest/v1/stock_prices?select=date%2Copen%2Chigh%2Clow%2Cclose%2Cvolume&symbol=eq.MOIN.EGX&order=date.desc&limit=300 "HTTP/2 200 OK"
2026-06-19 18:17:25 [INFO] httpx: HTTP Request: GET https://gfcmaxbtscmizsakarvc.supabase.co/rest/v1/stock_prices?select=date%2Copen%2Chigh%2Clow%2Cclose%2Cvolume&symbol=eq.MOSC.EGX&order=date.desc&limit=300 "HTTP/2 200 OK"
2026-06-19 18:17:25 [INFO] httpx: HTTP Request: GET https://gfcmaxbtscmizsakarvc.supabase.co/rest/v1/stock_prices?select=date%2Copen%2Chigh%2Clow%2Cclose%2Cvolume&symbol=eq.NAHO.EGX&order=date.desc&limit=300 "HTTP/2 200 OK"
2026-06-19 18:17:25 [INFO] httpx: HTTP Request: GET https://gfcmaxbtscmizsakarvc.supabase.co/rest/v1/stock_prices?select=date%2Copen%2Chigh%2Clow%2Cclose%2Cvolume&symbol=eq.NARE.EGX&order=date.desc&limit=300 "HTTP/2 200 OK"
2026-06-19 18:17:25 [INFO] httpx: HTTP Request: GET https://gfcmaxbtscmizsakarvc.supabase.co/rest/v1/stock_prices?select=date%2Copen%2Chigh%2Clow%2Cclose%2Cvolume&symbol=eq.MICH.EGX&order=date.desc&limit=300 "HTTP/2 200 OK"
2026-06-19 18:17:25 [INFO] httpx: HTTP Request: GET https://gfcmaxbtscmizsakarvc.supabase.co/rest/v1/stock_prices?select=date%2Copen%2Chigh%2Clow%2Cclose%2Cvolume&symbol=eq.MIPH.EGX&order=date.desc&limit=300 "HTTP/2 200 OK"
2026-06-19 18:17:25 [INFO] httpx: HTTP Request: GET https://gfcmaxbtscmizsakarvc.supabase.co/rest/v1/stock_prices?select=date%2Copen%2Chigh%2Clow%2Cclose%2Cvolume&symbol=eq.NAPR.EGX&order=date.desc&limit=300 "HTTP/2 200 OK"
2026-06-19 18:17:25 [INFO] httpx: HTTP Request: GET https://gfcmaxbtscmizsakarvc.supabase.co/rest/v1/stock_prices?select=date%2Copen%2Chigh%2Clow%2Cclose%2Cvolume&symbol=eq.MPCO.EGX&order=date.desc&limit=300 "HTTP/2 200 OK"
2026-06-19 18:17:25 [INFO] httpx: HTTP Request: GET https://gfcmaxbtscmizsakarvc.supabase.co/rest/v1/stock_prices?select=date%2Copen%2Chigh%2Clow%2Cclose%2Cvolume&symbol=eq.MTIE.EGX&order=date.desc&limit=300 "HTTP/2 200 OK"
2026-06-19 18:17:25 [INFO] httpx: HTTP Request: GET https://gfcmaxbtscmizsakarvc.supabase.co/rest/v1/stock_prices?select=date%2Copen%2Chigh%2Clow%2Cclose%2Cvolume&symbol=eq.MPCI.EGX&order=date.desc&limit=300 "HTTP/2 200 OK"
2026-06-19 18:17:25 [INFO] httpx: HTTP Request: GET https://gfcmaxbtscmizsakarvc.supabase.co/rest/v1/stock_prices?select=date%2Copen%2Chigh%2Clow%2Cclose%2Cvolume&symbol=eq.MPRC.EGX&order=date.desc&limit=300 "HTTP/2 200 OK"
2026-06-19 18:17:25 [INFO] httpx: HTTP Request: GET https://gfcmaxbtscmizsakarvc.supabase.co/rest/v1/stock_prices?select=date%2Copen%2Chigh%2Clow%2Cclose%2Cvolume&symbol=eq.NBKE.EGX&order=date.desc&limit=300 "HTTP/2 200 OK"
2026-06-19 18:17:25 [INFO] httpx: HTTP Request: GET https://gfcmaxbtscmizsakarvc.supabase.co/rest/v1/stock_prices?select=date%2Copen%2Chigh%2Clow%2Cclose%2Cvolume&symbol=eq.NINH.EGX&order=date.desc&limit=300 "HTTP/2 200 OK"
2026-06-19 18:17:25 [INFO] httpx: HTTP Request: GET https://gfcmaxbtscmizsakarvc.supabase.co/rest/v1/stock_prices?select=date%2Copen%2Chigh%2Clow%2Cclose%2Cvolume&symbol=eq.NOAF.EGX&order=date.desc&limit=300 "HTTP/2 200 OK"
2026-06-19 18:17:25 [INFO] httpx: HTTP Request: GET https://gfcmaxbtscmizsakarvc.supabase.co/rest/v1/stock_prices?select=date%2Copen%2Chigh%2Clow%2Cclose%2Cvolume&symbol=eq.NCCW.EGX&order=date.desc&limit=300 "HTTP/2 200 OK"
2026-06-19 18:17:25 [INFO] httpx: HTTP Request: GET https://gfcmaxbtscmizsakarvc.supabase.co/rest/v1/stock_prices?select=date%2Copen%2Chigh%2Clow%2Cclose%2Cvolume&symbol=eq.NCEM.EGX&order=date.desc&limit=300 "HTTP/2 200 OK"
2026-06-19 18:17:25 [INFO] httpx: HTTP Request: GET https://gfcmaxbtscmizsakarvc.supabase.co/rest/v1/stock_prices?select=date%2Copen%2Chigh%2Clow%2Cclose%2Cvolume&symbol=eq.NASR.EGX&order=date.desc&limit=300 "HTTP/2 200 OK"
2026-06-19 18:17:25 [INFO] httpx: HTTP Request: GET https://gfcmaxbtscmizsakarvc.supabase.co/rest/v1/stock_prices?select=date%2Copen%2Chigh%2Clow%2Cclose%2Cvolume&symbol=eq.NCGC.EGX&order=date.desc&limit=300 "HTTP/2 200 OK"
2026-06-19 18:17:25 [INFO] httpx: HTTP Request: GET https://gfcmaxbtscmizsakarvc.supabase.co/rest/v1/stock_prices?select=date%2Copen%2Chigh%2Clow%2Cclose%2Cvolume&symbol=eq.NCIN.EGX&order=date.desc&limit=300 "HTTP/2 200 OK"
2026-06-19 18:17:25 [INFO] httpx: HTTP Request: GET https://gfcmaxbtscmizsakarvc.supabase.co/rest/v1/stock_prices?select=date%2Copen%2Chigh%2Clow%2Cclose%2Cvolume&symbol=eq.NCMP.EGX&order=date.desc&limit=300 "HTTP/2 200 OK"
2026-06-19 18:17:25 [INFO] httpx: HTTP Request: GET https://gfcmaxbtscmizsakarvc.supabase.co/rest/v1/stock_prices?select=date%2Copen%2Chigh%2Clow%2Cclose%2Cvolume&symbol=eq.NDRL.EGX&order=date.desc&limit=300 "HTTP/2 200 OK"
2026-06-19 18:17:25 [INFO] httpx: HTTP Request: GET https://gfcmaxbtscmizsakarvc.supabase.co/rest/v1/stock_prices?select=date%2Copen%2Chigh%2Clow%2Cclose%2Cvolume&symbol=eq.NEDA.EGX&order=date.desc&limit=300 "HTTP/2 200 OK"
2026-06-19 18:17:25 [INFO] httpx: HTTP Request: GET https://gfcmaxbtscmizsakarvc.supabase.co/rest/v1/stock_prices?select=date%2Copen%2Chigh%2Clow%2Cclose%2Cvolume&symbol=eq.NHPS.EGX&order=date.desc&limit=300 "HTTP/2 200 OK"
2026-06-19 18:17:25 [INFO] httpx: HTTP Request: GET https://gfcmaxbtscmizsakarvc.supabase.co/rest/v1/stock_prices?select=date%2Copen%2Chigh%2Clow%2Cclose%2Cvolume&symbol=eq.NIPH.EGX&order=date.desc&limit=300 "HTTP/2 200 OK"
2026-06-19 18:17:25 [INFO] httpx: HTTP Request: GET https://gfcmaxbtscmizsakarvc.supabase.co/rest/v1/stock_prices?select=date%2Copen%2Chigh%2Clow%2Cclose%2Cvolume&symbol=eq.NULL.EGX&order=date.desc&limit=300 "HTTP/2 200 OK"
2026-06-19 18:17:25 [INFO] httpx: HTTP Request: GET https://gfcmaxbtscmizsakarvc.supabase.co/rest/v1/stock_prices?select=date%2Copen%2Chigh%2Clow%2Cclose%2Cvolume&symbol=eq.OBRI.EGX&order=date.desc&limit=300 "HTTP/2 200 OK"
2026-06-19 18:17:25 [INFO] httpx: HTTP Request: GET https://gfcmaxbtscmizsakarvc.supabase.co/rest/v1/stock_prices?select=date%2Copen%2Chigh%2Clow%2Cclose%2Cvolume&symbol=eq.ODID.EGX&order=date.desc&limit=300 "HTTP/2 200 OK"
2026-06-19 18:17:25 [INFO] httpx: HTTP Request: GET https://gfcmaxbtscmizsakarvc.supabase.co/rest/v1/stock_prices?select=date%2Copen%2Chigh%2Clow%2Cclose%2Cvolume&symbol=eq.OIH.EGX&order=date.desc&limit=300 "HTTP/2 200 OK"
2026-06-19 18:17:25 [INFO] httpx: HTTP Request: GET https://gfcmaxbtscmizsakarvc.supabase.co/rest/v1/stock_prices?select=date%2Copen%2Chigh%2Clow%2Cclose%2Cvolume&symbol=eq.ODHN.EGX&order=date.desc&limit=300 "HTTP/2 200 OK"
2026-06-19 18:17:25 [INFO] httpx: HTTP Request: GET https://gfcmaxbtscmizsakarvc.supabase.co/rest/v1/stock_prices?select=date%2Copen%2Chigh%2Clow%2Cclose%2Cvolume&symbol=eq.OCPH.EGX&order=date.desc&limit=300 "HTTP/2 200 OK"
2026-06-19 18:17:25 [INFO] httpx: HTTP Request: GET https://gfcmaxbtscmizsakarvc.supabase.co/rest/v1/stock_prices?select=date%2Copen%2Chigh%2Clow%2Cclose%2Cvolume&symbol=eq.OCDI.EGX&order=date.desc&limit=300 "HTTP/2 200 OK"
2026-06-19 18:17:25 [INFO] httpx: HTTP Request: GET https://gfcmaxbtscmizsakarvc.supabase.co/rest/v1/stock_prices?select=date%2Copen%2Chigh%2Clow%2Cclose%2Cvolume&symbol=eq.ODIN.EGX&order=date.desc&limit=300 "HTTP/2 200 OK"
2026-06-19 18:17:25 [INFO] httpx: HTTP Request: GET https://gfcmaxbtscmizsakarvc.supabase.co/rest/v1/stock_prices?select=date%2Copen%2Chigh%2Clow%2Cclose%2Cvolume&symbol=eq.OLFI.EGX&order=date.desc&limit=300 "HTTP/2 200 OK"
2026-06-19 18:17:25 [INFO] httpx: HTTP Request: GET https://gfcmaxbtscmizsakarvc.supabase.co/rest/v1/stock_prices?select=date%2Copen%2Chigh%2Clow%2Cclose%2Cvolume&symbol=eq.ORMT.EGX&order=date.desc&limit=300 "HTTP/2 200 OK"
2026-06-19 18:17:25 [INFO] httpx: HTTP Request: GET https://gfcmaxbtscmizsakarvc.supabase.co/rest/v1/stock_prices?select=date%2Copen%2Chigh%2Clow%2Cclose%2Cvolume&symbol=eq.PHAR.EGX&order=date.desc&limit=300 "HTTP/2 200 OK"
2026-06-19 18:17:25 [INFO] httpx: HTTP Request: GET https://gfcmaxbtscmizsakarvc.supabase.co/rest/v1/stock_prices?select=date%2Copen%2Chigh%2Clow%2Cclose%2Cvolume&symbol=eq.OFH.EGX&order=date.desc&limit=300 "HTTP/2 200 OK"
2026-06-19 18:17:25 [INFO] httpx: HTTP Request: GET https://gfcmaxbtscmizsakarvc.supabase.co/rest/v1/stock_prices?select=date%2Copen%2Chigh%2Clow%2Cclose%2Cvolume&symbol=eq.ORAS.EGX&order=date.desc&limit=300 "HTTP/2 200 OK"
2026-06-19 18:17:25 [INFO] httpx: HTTP Request: GET https://gfcmaxbtscmizsakarvc.supabase.co/rest/v1/stock_prices?select=date%2Copen%2Chigh%2Clow%2Cclose%2Cvolume&symbol=eq.ORHD.EGX&order=date.desc&limit=300 "HTTP/2 200 OK"
2026-06-19 18:17:25 [INFO] httpx: HTTP Request: GET https://gfcmaxbtscmizsakarvc.supabase.co/rest/v1/stock_prices?select=date%2Copen%2Chigh%2Clow%2Cclose%2Cvolume&symbol=eq.ORWE.EGX&order=date.desc&limit=300 "HTTP/2 200 OK"
2026-06-19 18:17:25 [INFO] httpx: HTTP Request: GET https://gfcmaxbtscmizsakarvc.supabase.co/rest/v1/stock_prices?select=date%2Copen%2Chigh%2Clow%2Cclose%2Cvolume&symbol=eq.OREG.EGX&order=date.desc&limit=300 "HTTP/2 200 OK"
2026-06-19 18:17:25 [INFO] httpx: HTTP Request: GET https://gfcmaxbtscmizsakarvc.supabase.co/rest/v1/stock_prices?select=date%2Copen%2Chigh%2Clow%2Cclose%2Cvolume&symbol=eq.PACH.EGX&order=date.desc&limit=300 "HTTP/2 200 OK"
2026-06-19 18:17:25 [INFO] httpx: HTTP Request: GET https://gfcmaxbtscmizsakarvc.supabase.co/rest/v1/stock_prices?select=date%2Copen%2Chigh%2Clow%2Cclose%2Cvolume&symbol=eq.QNBA.EGX&order=date.desc&limit=300 "HTTP/2 200 OK"
2026-06-19 18:17:25 [INFO] httpx: HTTP Request: GET https://gfcmaxbtscmizsakarvc.supabase.co/rest/v1/stock_prices?select=date%2Copen%2Chigh%2Clow%2Cclose%2Cvolume&symbol=eq.PHDC.EGX&order=date.desc&limit=300 "HTTP/2 200 OK"
2026-06-19 18:17:25 [INFO] httpx: HTTP Request: GET https://gfcmaxbtscmizsakarvc.supabase.co/rest/v1/stock_prices?select=date%2Copen%2Chigh%2Clow%2Cclose%2Cvolume&symbol=eq.PHTV.EGX&order=date.desc&limit=300 "HTTP/2 200 OK"
2026-06-19 18:17:25 [INFO] httpx: HTTP Request: GET https://gfcmaxbtscmizsakarvc.supabase.co/rest/v1/stock_prices?select=date%2Copen%2Chigh%2Clow%2Cclose%2Cvolume&symbol=eq.PIOH.EGX&order=date.desc&limit=300 "HTTP/2 200 OK"
2026-06-19 18:17:25 [INFO] httpx: HTTP Request: GET https://gfcmaxbtscmizsakarvc.supabase.co/rest/v1/stock_prices?select=date%2Copen%2Chigh%2Clow%2Cclose%2Cvolume&symbol=eq.PRDC.EGX&order=date.desc&limit=300 "HTTP/2 200 OK"
2026-06-19 18:17:25 [INFO] httpx: HTTP Request: GET https://gfcmaxbtscmizsakarvc.supabase.co/rest/v1/stock_prices?select=date%2Copen%2Chigh%2Clow%2Cclose%2Cvolume&symbol=eq.POUL.EGX&order=date.desc&limit=300 "HTTP/2 200 OK"
2026-06-19 18:17:25 [INFO] httpx: HTTP Request: GET https://gfcmaxbtscmizsakarvc.supabase.co/rest/v1/stock_prices?select=date%2Copen%2Chigh%2Clow%2Cclose%2Cvolume&symbol=eq.PHGC.EGX&order=date.desc&limit=300 "HTTP/2 200 OK"
2026-06-19 18:17:25 [INFO] httpx: HTTP Request: GET https://gfcmaxbtscmizsakarvc.supabase.co/rest/v1/stock_prices?select=date%2Copen%2Chigh%2Clow%2Cclose%2Cvolume&symbol=eq.PRCL.EGX&order=date.desc&limit=300 "HTTP/2 200 OK"
2026-06-19 18:17:25 [INFO] httpx: HTTP Request: GET https://gfcmaxbtscmizsakarvc.supabase.co/rest/v1/stock_prices?select=date%2Copen%2Chigh%2Clow%2Cclose%2Cvolume&symbol=eq.PRMH.EGX&order=date.desc&limit=300 "HTTP/2 200 OK"
2026-06-19 18:17:25 [INFO] httpx: HTTP Request: GET https://gfcmaxbtscmizsakarvc.supabase.co/rest/v1/stock_prices?select=date%2Copen%2Chigh%2Clow%2Cclose%2Cvolume&symbol=eq.QNBE.EGX&order=date.desc&limit=300 "HTTP/2 200 OK"
2026-06-19 18:17:25 [INFO] httpx: HTTP Request: GET https://gfcmaxbtscmizsakarvc.supabase.co/rest/v1/stock_prices?select=date%2Copen%2Chigh%2Clow%2Cclose%2Cvolume&symbol=eq.RACC.EGX&order=date.desc&limit=300 "HTTP/2 200 OK"
2026-06-19 18:17:25 [INFO] httpx: HTTP Request: GET https://gfcmaxbtscmizsakarvc.supabase.co/rest/v1/stock_prices?select=date%2Copen%2Chigh%2Clow%2Cclose%2Cvolume&symbol=eq.RAKT.EGX&order=date.desc&limit=300 "HTTP/2 200 OK"
2026-06-19 18:17:25 [INFO] httpx: HTTP Request: GET https://gfcmaxbtscmizsakarvc.supabase.co/rest/v1/stock_prices?select=date%2Copen%2Chigh%2Clow%2Cclose%2Cvolume&symbol=eq.RMTV.EGX&order=date.desc&limit=300 "HTTP/2 200 OK"
2026-06-19 18:17:25 [INFO] httpx: HTTP Request: GET https://gfcmaxbtscmizsakarvc.supabase.co/rest/v1/stock_prices?select=date%2Copen%2Chigh%2Clow%2Cclose%2Cvolume&symbol=eq.RMDA.EGX&order=date.desc&limit=300 "HTTP/2 200 OK"
2026-06-19 18:17:25 [INFO] httpx: HTTP Request: GET https://gfcmaxbtscmizsakarvc.supabase.co/rest/v1/stock_prices?select=date%2Copen%2Chigh%2Clow%2Cclose%2Cvolume&symbol=eq.RAYA.EGX&order=date.desc&limit=300 "HTTP/2 200 OK"
2026-06-19 18:17:26 [INFO] httpx: HTTP Request: GET https://gfcmaxbtscmizsakarvc.supabase.co/rest/v1/stock_prices?select=date%2Copen%2Chigh%2Clow%2Cclose%2Cvolume&symbol=eq.SAUD.EGX&order=date.desc&limit=300 "HTTP/2 200 OK"
2026-06-19 18:17:26 [INFO] httpx: HTTP Request: GET https://gfcmaxbtscmizsakarvc.supabase.co/rest/v1/stock_prices?select=date%2Copen%2Chigh%2Clow%2Cclose%2Cvolume&symbol=eq.RTVC.EGX&order=date.desc&limit=300 "HTTP/2 200 OK"
2026-06-19 18:17:26 [INFO] httpx: HTTP Request: GET https://gfcmaxbtscmizsakarvc.supabase.co/rest/v1/stock_prices?select=date%2Copen%2Chigh%2Clow%2Cclose%2Cvolume&symbol=eq.RUBX.EGX&order=date.desc&limit=300 "HTTP/2 200 OK"
2026-06-19 18:17:26 [INFO] httpx: HTTP Request: GET https://gfcmaxbtscmizsakarvc.supabase.co/rest/v1/stock_prices?select=date%2Copen%2Chigh%2Clow%2Cclose%2Cvolume&symbol=eq.SCEM.EGX&order=date.desc&limit=300 "HTTP/2 200 OK"
2026-06-19 18:17:26 [INFO] httpx: HTTP Request: GET https://gfcmaxbtscmizsakarvc.supabase.co/rest/v1/stock_prices?select=date%2Copen%2Chigh%2Clow%2Cclose%2Cvolume&symbol=eq.SBAG.EGX&order=date.desc&limit=300 "HTTP/2 200 OK"
2026-06-19 18:17:26 [INFO] httpx: HTTP Request: GET https://gfcmaxbtscmizsakarvc.supabase.co/rest/v1/stock_prices?select=date%2Copen%2Chigh%2Clow%2Cclose%2Cvolume&symbol=eq.RREI.EGX&order=date.desc&limit=300 "HTTP/2 200 OK"
2026-06-19 18:17:26 [INFO] httpx: HTTP Request: GET https://gfcmaxbtscmizsakarvc.supabase.co/rest/v1/stock_prices?select=date%2Copen%2Chigh%2Clow%2Cclose%2Cvolume&symbol=eq.SAIB.EGX&order=date.desc&limit=300 "HTTP/2 200 OK"
2026-06-19 18:17:26 [INFO] httpx: HTTP Request: GET https://gfcmaxbtscmizsakarvc.supabase.co/rest/v1/stock_prices?select=date%2Copen%2Chigh%2Clow%2Cclose%2Cvolume&symbol=eq.SCTS.EGX&order=date.desc&limit=300 "HTTP/2 200 OK"
2026-06-19 18:17:26 [INFO] httpx: HTTP Request: GET https://gfcmaxbtscmizsakarvc.supabase.co/rest/v1/stock_prices?select=date%2Copen%2Chigh%2Clow%2Cclose%2Cvolume&symbol=eq.SKPC.EGX&order=date.desc&limit=300 "HTTP/2 200 OK"
2026-06-19 18:17:26 [INFO] httpx: HTTP Request: GET https://gfcmaxbtscmizsakarvc.supabase.co/rest/v1/stock_prices?select=date%2Copen%2Chigh%2Clow%2Cclose%2Cvolume&symbol=eq.SIMO.EGX&order=date.desc&limit=300 "HTTP/2 200 OK"
2026-06-19 18:17:26 [INFO] httpx: HTTP Request: GET https://gfcmaxbtscmizsakarvc.supabase.co/rest/v1/stock_prices?select=date%2Copen%2Chigh%2Clow%2Cclose%2Cvolume&symbol=eq.ROTO.EGX&order=date.desc&limit=300 "HTTP/2 200 OK"
2026-06-19 18:17:26 [INFO] httpx: HTTP Request: GET https://gfcmaxbtscmizsakarvc.supabase.co/rest/v1/stock_prices?select=date%2Copen%2Chigh%2Clow%2Cclose%2Cvolume&symbol=eq.SIPC.EGX&order=date.desc&limit=300 "HTTP/2 200 OK"
2026-06-19 18:17:26 [INFO] httpx: HTTP Request: GET https://gfcmaxbtscmizsakarvc.supabase.co/rest/v1/stock_prices?select=date%2Copen%2Chigh%2Clow%2Cclose%2Cvolume&symbol=eq.SCFM.EGX&order=date.desc&limit=300 "HTTP/2 200 OK"
2026-06-19 18:17:27 [INFO] httpx: HTTP Request: GET https://gfcmaxbtscmizsakarvc.supabase.co/rest/v1/stock_prices?select=date%2Copen%2Chigh%2Clow%2Cclose%2Cvolume&symbol=eq.SMCSA.EGX&order=date.desc&limit=300 "HTTP/2 200 OK"
2026-06-19 18:17:27 [INFO] httpx: HTTP Request: GET https://gfcmaxbtscmizsakarvc.supabase.co/rest/v1/stock_prices?select=date%2Copen%2Chigh%2Clow%2Cclose%2Cvolume&symbol=eq.SDTI.EGX&order=date.desc&limit=300 "HTTP/2 200 OK"
2026-06-19 18:17:27 [INFO] httpx: HTTP Request: GET https://gfcmaxbtscmizsakarvc.supabase.co/rest/v1/stock_prices?select=date%2Copen%2Chigh%2Clow%2Cclose%2Cvolume&symbol=eq.SEIG.EGX&order=date.desc&limit=300 "HTTP/2 200 OK"
2026-06-19 18:17:27 [INFO] httpx: HTTP Request: GET https://gfcmaxbtscmizsakarvc.supabase.co/rest/v1/stock_prices?select=date%2Copen%2Chigh%2Clow%2Cclose%2Cvolume&symbol=eq.SMCS.EGX&order=date.desc&limit=300 "HTTP/2 200 OK"
2026-06-19 18:17:27 [INFO] httpx: HTTP Request: GET https://gfcmaxbtscmizsakarvc.supabase.co/rest/v1/stock_prices?select=date%2Copen%2Chigh%2Clow%2Cclose%2Cvolume&symbol=eq.SEIGA.EGX&order=date.desc&limit=300 "HTTP/2 200 OK"
2026-06-19 18:17:27 [INFO] httpx: HTTP Request: GET https://gfcmaxbtscmizsakarvc.supabase.co/rest/v1/stock_prices?select=date%2Copen%2Chigh%2Clow%2Cclose%2Cvolume&symbol=eq.SMPP.EGX&order=date.desc&limit=300 "HTTP/2 200 OK"
2026-06-19 18:17:27 [INFO] httpx: HTTP Request: GET https://gfcmaxbtscmizsakarvc.supabase.co/rest/v1/stock_prices?select=date%2Copen%2Chigh%2Clow%2Cclose%2Cvolume&symbol=eq.SRWA.EGX&order=date.desc&limit=300 "HTTP/2 200 OK"
2026-06-19 18:17:27 [INFO] httpx: HTTP Request: GET https://gfcmaxbtscmizsakarvc.supabase.co/rest/v1/stock_prices?select=date%2Copen%2Chigh%2Clow%2Cclose%2Cvolume&symbol=eq.SPHT.EGX&order=date.desc&limit=300 "HTTP/2 200 OK"
2026-06-19 18:17:27 [INFO] httpx: HTTP Request: GET https://gfcmaxbtscmizsakarvc.supabase.co/rest/v1/stock_prices?select=date%2Copen%2Chigh%2Clow%2Cclose%2Cvolume&symbol=eq.SPIN.EGX&order=date.desc&limit=300 "HTTP/2 200 OK"
2026-06-19 18:17:27 [INFO] httpx: HTTP Request: GET https://gfcmaxbtscmizsakarvc.supabase.co/rest/v1/stock_prices?select=date%2Copen%2Chigh%2Clow%2Cclose%2Cvolume&symbol=eq.SUCE.EGX&order=date.desc&limit=300 "HTTP/2 200 OK"
2026-06-19 18:17:27 [INFO] httpx: HTTP Request: GET https://gfcmaxbtscmizsakarvc.supabase.co/rest/v1/stock_prices?select=date%2Copen%2Chigh%2Clow%2Cclose%2Cvolume&symbol=eq.SUGR.EGX&order=date.desc&limit=300 "HTTP/2 200 OK"
2026-06-19 18:17:27 [INFO] httpx: HTTP Request: GET https://gfcmaxbtscmizsakarvc.supabase.co/rest/v1/stock_prices?select=date%2Copen%2Chigh%2Clow%2Cclose%2Cvolume&symbol=eq.SNFC.EGX&order=date.desc&limit=300 "HTTP/2 200 OK"
2026-06-19 18:17:27 [INFO] httpx: HTTP Request: GET https://gfcmaxbtscmizsakarvc.supabase.co/rest/v1/stock_prices?select=date%2Copen%2Chigh%2Clow%2Cclose%2Cvolume&symbol=eq.SWDY.EGX&order=date.desc&limit=300 "HTTP/2 200 OK"
2026-06-19 18:17:27 [INFO] httpx: HTTP Request: GET https://gfcmaxbtscmizsakarvc.supabase.co/rest/v1/stock_prices?select=date%2Copen%2Chigh%2Clow%2Cclose%2Cvolume&symbol=eq.SPMD.EGX&order=date.desc&limit=300 "HTTP/2 200 OK"
2026-06-19 18:17:27 [INFO] httpx: HTTP Request: GET https://gfcmaxbtscmizsakarvc.supabase.co/rest/v1/stock_prices?select=date%2Copen%2Chigh%2Clow%2Cclose%2Cvolume&symbol=eq.TALM.EGX&order=date.desc&limit=300 "HTTP/2 200 OK"
2026-06-19 18:17:27 [INFO] httpx: HTTP Request: GET https://gfcmaxbtscmizsakarvc.supabase.co/rest/v1/stock_prices?select=date%2Copen%2Chigh%2Clow%2Cclose%2Cvolume&symbol=eq.TANM.EGX&order=date.desc&limit=300 "HTTP/2 200 OK"
2026-06-19 18:17:27 [INFO] httpx: HTTP Request: GET https://gfcmaxbtscmizsakarvc.supabase.co/rest/v1/stock_prices?select=date%2Copen%2Chigh%2Clow%2Cclose%2Cvolume&symbol=eq.SMFR.EGX&order=date.desc&limit=300 "HTTP/2 200 OK"
2026-06-19 18:17:27 [INFO] httpx: HTTP Request: GET https://gfcmaxbtscmizsakarvc.supabase.co/rest/v1/stock_prices?select=date%2Copen%2Chigh%2Clow%2Cclose%2Cvolume&symbol=eq.SVCE.EGX&order=date.desc&limit=300 "HTTP/2 200 OK"
2026-06-19 18:17:27 [INFO] httpx: HTTP Request: GET https://gfcmaxbtscmizsakarvc.supabase.co/rest/v1/stock_prices?select=date%2Copen%2Chigh%2Clow%2Cclose%2Cvolume&symbol=eq.TAQA.EGX&order=date.desc&limit=300 "HTTP/2 200 OK"
2026-06-19 18:17:27 [INFO] httpx: HTTP Request: GET https://gfcmaxbtscmizsakarvc.supabase.co/rest/v1/stock_prices?select=date%2Copen%2Chigh%2Clow%2Cclose%2Cvolume&symbol=eq.TMGH.EGX&order=date.desc&limit=300 "HTTP/2 200 OK"
2026-06-19 18:17:27 [INFO] httpx: HTTP Request: GET https://gfcmaxbtscmizsakarvc.supabase.co/rest/v1/stock_prices?select=date%2Copen%2Chigh%2Clow%2Cclose%2Cvolume&symbol=eq.TWSA.EGX&order=date.desc&limit=300 "HTTP/2 200 OK"
2026-06-19 18:17:27 [INFO] httpx: HTTP Request: GET https://gfcmaxbtscmizsakarvc.supabase.co/rest/v1/stock_prices?select=date%2Copen%2Chigh%2Clow%2Cclose%2Cvolume&symbol=eq.TOUR.EGX&order=date.desc&limit=300 "HTTP/2 200 OK"
2026-06-19 18:17:27 [INFO] httpx: HTTP Request: GET https://gfcmaxbtscmizsakarvc.supabase.co/rest/v1/stock_prices?select=date%2Copen%2Chigh%2Clow%2Cclose%2Cvolume&symbol=eq.UEGC.EGX&order=date.desc&limit=300 "HTTP/2 200 OK"
2026-06-19 18:17:27 [INFO] httpx: HTTP Request: GET https://gfcmaxbtscmizsakarvc.supabase.co/rest/v1/stock_prices?select=date%2Copen%2Chigh%2Clow%2Cclose%2Cvolume&symbol=eq.TYCN.EGX&order=date.desc&limit=300 "HTTP/2 200 OK"
2026-06-19 18:17:27 [INFO] httpx: HTTP Request: GET https://gfcmaxbtscmizsakarvc.supabase.co/rest/v1/stock_prices?select=date%2Copen%2Chigh%2Clow%2Cclose%2Cvolume&symbol=eq.UASG.EGX&order=date.desc&limit=300 "HTTP/2 200 OK"
2026-06-19 18:17:27 [INFO] httpx: HTTP Request: GET https://gfcmaxbtscmizsakarvc.supabase.co/rest/v1/stock_prices?select=date%2Copen%2Chigh%2Clow%2Cclose%2Cvolume&symbol=eq.TORA.EGX&order=date.desc&limit=300 "HTTP/2 200 OK"
2026-06-19 18:17:27 [INFO] httpx: HTTP Request: GET https://gfcmaxbtscmizsakarvc.supabase.co/rest/v1/stock_prices?select=date%2Copen%2Chigh%2Clow%2Cclose%2Cvolume&symbol=eq.UEFM.EGX&order=date.desc&limit=300 "HTTP/2 200 OK"
2026-06-19 18:17:27 [INFO] httpx: HTTP Request: GET https://gfcmaxbtscmizsakarvc.supabase.co/rest/v1/stock_prices?select=date%2Copen%2Chigh%2Clow%2Cclose%2Cvolume&symbol=eq.UNBE.EGX&order=date.desc&limit=300 "HTTP/2 200 OK"
2026-06-19 18:17:27 [INFO] httpx: HTTP Request: GET https://gfcmaxbtscmizsakarvc.supabase.co/rest/v1/stock_prices?select=date%2Copen%2Chigh%2Clow%2Cclose%2Cvolume&symbol=eq.UNIT.EGX&order=date.desc&limit=300 "HTTP/2 200 OK"
2026-06-19 18:17:27 [INFO] httpx: HTTP Request: GET https://gfcmaxbtscmizsakarvc.supabase.co/rest/v1/stock_prices?select=date%2Copen%2Chigh%2Clow%2Cclose%2Cvolume&symbol=eq.UTOP.EGX&order=date.desc&limit=300 "HTTP/2 200 OK"
2026-06-19 18:17:27 [INFO] httpx: HTTP Request: GET https://gfcmaxbtscmizsakarvc.supabase.co/rest/v1/stock_prices?select=date%2Copen%2Chigh%2Clow%2Cclose%2Cvolume&symbol=eq.VALU.EGX&order=date.desc&limit=300 "HTTP/2 200 OK"
2026-06-19 18:17:27 [INFO] httpx: HTTP Request: GET https://gfcmaxbtscmizsakarvc.supabase.co/rest/v1/stock_prices?select=date%2Copen%2Chigh%2Clow%2Cclose%2Cvolume&symbol=eq.TRTO.EGX&order=date.desc&limit=300 "HTTP/2 200 OK"
2026-06-19 18:17:27 [INFO] httpx: HTTP Request: GET https://gfcmaxbtscmizsakarvc.supabase.co/rest/v1/stock_prices?select=date%2Copen%2Chigh%2Clow%2Cclose%2Cvolume&symbol=eq.UBEE.EGX&order=date.desc&limit=300 "HTTP/2 200 OK"
2026-06-19 18:17:27 [INFO] httpx: HTTP Request: GET https://gfcmaxbtscmizsakarvc.supabase.co/rest/v1/stock_prices?select=date%2Copen%2Chigh%2Clow%2Cclose%2Cvolume&symbol=eq.VLMRA.EGX&order=date.desc&limit=300 "HTTP/2 200 OK"
2026-06-19 18:17:27 [INFO] httpx: HTTP Request: GET https://gfcmaxbtscmizsakarvc.supabase.co/rest/v1/stock_prices?select=date%2Copen%2Chigh%2Clow%2Cclose%2Cvolume&symbol=eq.UNIP.EGX&order=date.desc&limit=300 "HTTP/2 200 OK"
2026-06-19 18:17:27 [INFO] httpx: HTTP Request: GET https://gfcmaxbtscmizsakarvc.supabase.co/rest/v1/stock_prices?select=date%2Copen%2Chigh%2Clow%2Cclose%2Cvolume&symbol=eq.WACE.EGX&order=date.desc&limit=300 "HTTP/2 200 OK"
2026-06-19 18:17:27 [INFO] httpx: HTTP Request: GET https://gfcmaxbtscmizsakarvc.supabase.co/rest/v1/stock_prices?select=date%2Copen%2Chigh%2Clow%2Cclose%2Cvolume&symbol=eq.WATP.EGX&order=date.desc&limit=300 "HTTP/2 200 OK"
2026-06-19 18:17:27 [INFO] httpx: HTTP Request: GET https://gfcmaxbtscmizsakarvc.supabase.co/rest/v1/stock_prices?select=date%2Copen%2Chigh%2Clow%2Cclose%2Cvolume&symbol=eq.ZEOT.EGX&order=date.desc&limit=300 "HTTP/2 200 OK"
2026-06-19 18:17:27 [INFO] httpx: HTTP Request: GET https://gfcmaxbtscmizsakarvc.supabase.co/rest/v1/stock_prices?select=date%2Copen%2Chigh%2Clow%2Cclose%2Cvolume&symbol=eq.WCDF.EGX&order=date.desc&limit=300 "HTTP/2 200 OK"
2026-06-19 18:17:27 [INFO] httpx: HTTP Request: GET https://gfcmaxbtscmizsakarvc.supabase.co/rest/v1/stock_prices?select=date%2Copen%2Chigh%2Clow%2Cclose%2Cvolume&symbol=eq.ZMID.EGX&order=date.desc&limit=300 "HTTP/2 200 OK"
2026-06-19 18:17:27 [INFO] httpx: HTTP Request: GET https://gfcmaxbtscmizsakarvc.supabase.co/rest/v1/stock_prices?select=date%2Copen%2Chigh%2Clow%2Cclose%2Cvolume&symbol=eq.WKOL.EGX&order=date.desc&limit=300 "HTTP/2 200 OK"
2026-06-19 18:17:28 [INFO] httpx: HTTP Request: GET https://gfcmaxbtscmizsakarvc.supabase.co/rest/v1/positions?select=%2A&status=eq.open "HTTP/2 200 OK"
2026-06-19 18:17:29 [INFO] httpx: HTTP Request: GET https://gfcmaxbtscmizsakarvc.supabase.co/rest/v1/stock_prices?select=date%2Copen%2Chigh%2Clow%2Cclose%2Cvolume&symbol=eq.000325.EGX&exchange=eq.EGX&order=date.desc&limit=1 "HTTP/2 200 OK"
2026-06-19 18:17:38 [INFO] httpx: HTTP Request: GET https://gfcmaxbtscmizsakarvc.supabase.co/rest/v1/stock_prices?select=date%2Copen%2Chigh%2Clow%2Cclose%2Cvolume&symbol=eq.000325.EGX&order=date.desc&limit=1 "HTTP/2 500 Internal Server Error"
2026-06-19 18:17:38 [INFO] httpx: HTTP Request: GET https://gfcmaxbtscmizsakarvc.supabase.co/rest/v1/scan_results?select=%2A&status=eq.open "HTTP/2 200 OK"
2026-06-19 18:17:38 [INFO] httpx: HTTP Request: GET https://gfcmaxbtscmizsakarvc.supabase.co/rest/v1/stock_prices?select=date%2Chigh%2Clow%2Cclose&symbol=eq.PACH.EGX&date=gte.2026-06-13&order=date "HTTP/2 200 OK"
2026-06-19 18:17:38 [INFO] httpx: HTTP Request: GET https://gfcmaxbtscmizsakarvc.supabase.co/rest/v1/stock_prices?select=date%2Chigh%2Clow%2Cclose&symbol=eq.EHDR.EGX&date=gte.2026-06-13&order=date "HTTP/2 200 OK"
2026-06-19 18:17:39 [INFO] httpx: HTTP Request: GET https://gfcmaxbtscmizsakarvc.supabase.co/rest/v1/stock_prices?select=date%2Chigh%2Clow%2Cclose&symbol=eq.MPCO.EGX&date=gte.2026-06-13&order=date "HTTP/2 200 OK"
2026-06-19 18:17:39 [INFO] httpx: HTTP Request: GET https://gfcmaxbtscmizsakarvc.supabase.co/rest/v1/stock_prices?select=date%2Chigh%2Clow%2Cclose&symbol=eq.GPIM.EGX&date=gte.2026-06-13&order=date "HTTP/2 200 OK"
2026-06-19 18:17:39 [INFO] httpx: HTTP Request: GET https://gfcmaxbtscmizsakarvc.supabase.co/rest/v1/stock_prices?select=date%2Chigh%2Clow%2Cclose&symbol=eq.COSG.EGX&date=gte.2026-06-13&order=date "HTTP/2 200 OK"
2026-06-19 18:17:40 [INFO] httpx: HTTP Request: GET https://gfcmaxbtscmizsakarvc.supabase.co/rest/v1/stock_prices?select=symbol%2Cexchange%2Cdate%2Copen%2Chigh%2Clow%2Cclose%2Cvolume&exchange=eq.EGX&date=gte.2025-08-23&order=symbol%2Cdate&offset=0&limit=1000 "HTTP/2 206 Partial Content"
2026-06-19 18:17:41 [INFO] httpx: HTTP Request: GET https://gfcmaxbtscmizsakarvc.supabase.co/rest/v1/stock_prices?select=symbol%2Cexchange%2Cdate%2Copen%2Chigh%2Clow%2Cclose%2Cvolume&exchange=eq.EGX&date=gte.2025-08-23&order=symbol%2Cdate&offset=1000&limit=1000 "HTTP/2 200 OK"
2026-06-19 18:17:41 [INFO] httpx: HTTP Request: GET https://gfcmaxbtscmizsakarvc.supabase.co/rest/v1/stock_prices?select=symbol%2Cexchange%2Cdate%2Copen%2Chigh%2Clow%2Cclose%2Cvolume&exchange=eq.EGX&date=gte.2025-08-23&order=symbol%2Cdate&offset=2000&limit=1000 "HTTP/2 200 OK"
2026-06-19 18:17:41 [INFO] httpx: HTTP Request: GET https://gfcmaxbtscmizsakarvc.supabase.co/rest/v1/stock_prices?select=symbol%2Cexchange%2Cdate%2Copen%2Chigh%2Clow%2Cclose%2Cvolume&exchange=eq.EGX&date=gte.2025-08-23&order=symbol%2Cdate&offset=3000&limit=1000 "HTTP/2 200 OK"
2026-06-19 18:17:41 [INFO] httpx: HTTP Request: GET https://gfcmaxbtscmizsakarvc.supabase.co/rest/v1/stock_prices?select=symbol%2Cexchange%2Cdate%2Copen%2Chigh%2Clow%2Cclose%2Cvolume&exchange=eq.EGX&date=gte.2025-08-23&order=symbol%2Cdate&offset=4000&limit=1000 "HTTP/2 200 OK"
2026-06-19 18:17:41 [INFO] httpx: HTTP Request: GET https://gfcmaxbtscmizsakarvc.supabase.co/rest/v1/stock_prices?select=symbol%2Cexchange%2Cdate%2Copen%2Chigh%2Clow%2Cclose%2Cvolume&exchange=eq.EGX&date=gte.2025-08-23&order=symbol%2Cdate&offset=5000&limit=1000 "HTTP/2 200 OK"
2026-06-19 18:17:41 [INFO] httpx: HTTP Request: GET https://gfcmaxbtscmizsakarvc.supabase.co/rest/v1/stock_prices?select=symbol%2Cexchange%2Cdate%2Copen%2Chigh%2Clow%2Cclose%2Cvolume&exchange=eq.EGX&date=gte.2025-08-23&order=symbol%2Cdate&offset=6000&limit=1000 "HTTP/2 200 OK"
2026-06-19 18:17:41 [INFO] httpx: HTTP Request: GET https://gfcmaxbtscmizsakarvc.supabase.co/rest/v1/stock_prices?select=symbol%2Cexchange%2Cdate%2Copen%2Chigh%2Clow%2Cclose%2Cvolume&exchange=eq.EGX&date=gte.2025-08-23&order=symbol%2Cdate&offset=8000&limit=1000 "HTTP/2 200 OK"
2026-06-19 18:17:41 [INFO] httpx: HTTP Request: GET https://gfcmaxbtscmizsakarvc.supabase.co/rest/v1/stock_prices?select=symbol%2Cexchange%2Cdate%2Copen%2Chigh%2Clow%2Cclose%2Cvolume&exchange=eq.EGX&date=gte.2025-08-23&order=symbol%2Cdate&offset=7000&limit=1000 "HTTP/2 200 OK"
2026-06-19 18:17:42 [INFO] httpx: HTTP Request: GET https://gfcmaxbtscmizsakarvc.supabase.co/rest/v1/stock_prices?select=symbol%2Cexchange%2Cdate%2Copen%2Chigh%2Clow%2Cclose%2Cvolume&exchange=eq.EGX&date=gte.2025-08-23&order=symbol%2Cdate&offset=9000&limit=1000 "HTTP/2 200 OK"
2026-06-19 18:17:42 [INFO] httpx: HTTP Request: GET https://gfcmaxbtscmizsakarvc.supabase.co/rest/v1/stock_prices?select=symbol%2Cexchange%2Cdate%2Copen%2Chigh%2Clow%2Cclose%2Cvolume&exchange=eq.EGX&date=gte.2025-08-23&order=symbol%2Cdate&offset=10000&limit=1000 "HTTP/2 200 OK"
2026-06-19 18:17:42 [INFO] httpx: HTTP Request: GET https://gfcmaxbtscmizsakarvc.supabase.co/rest/v1/stock_prices?select=symbol%2Cexchange%2Cdate%2Copen%2Chigh%2Clow%2Cclose%2Cvolume&exchange=eq.EGX&date=gte.2025-08-23&order=symbol%2Cdate&offset=11000&limit=1000 "HTTP/2 200 OK"
2026-06-19 18:17:42 [INFO] httpx: HTTP Request: GET https://gfcmaxbtscmizsakarvc.supabase.co/rest/v1/stock_prices?select=symbol%2Cexchange%2Cdate%2Copen%2Chigh%2Clow%2Cclose%2Cvolume&exchange=eq.EGX&date=gte.2025-08-23&order=symbol%2Cdate&offset=12000&limit=1000 "HTTP/2 200 OK"
2026-06-19 18:17:42 [INFO] httpx: HTTP Request: GET https://gfcmaxbtscmizsakarvc.supabase.co/rest/v1/stock_prices?select=symbol%2Cexchange%2Cdate%2Copen%2Chigh%2Clow%2Cclose%2Cvolume&exchange=eq.EGX&date=gte.2025-08-23&order=symbol%2Cdate&offset=13000&limit=1000 "HTTP/2 200 OK"
2026-06-19 18:17:43 [INFO] httpx: HTTP Request: GET https://gfcmaxbtscmizsakarvc.supabase.co/rest/v1/stock_prices?select=symbol%2Cexchange%2Cdate%2Copen%2Chigh%2Clow%2Cclose%2Cvolume&exchange=eq.EGX&date=gte.2025-08-23&order=symbol%2Cdate&offset=15000&limit=1000 "HTTP/2 200 OK"
2026-06-19 18:17:43 [INFO] httpx: HTTP Request: GET https://gfcmaxbtscmizsakarvc.supabase.co/rest/v1/stock_prices?select=symbol%2Cexchange%2Cdate%2Copen%2Chigh%2Clow%2Cclose%2Cvolume&exchange=eq.EGX&date=gte.2025-08-23&order=symbol%2Cdate&offset=16000&limit=1000 "HTTP/2 200 OK"
2026-06-19 18:17:43 [INFO] httpx: HTTP Request: GET https://gfcmaxbtscmizsakarvc.supabase.co/rest/v1/stock_prices?select=symbol%2Cexchange%2Cdate%2Copen%2Chigh%2Clow%2Cclose%2Cvolume&exchange=eq.EGX&date=gte.2025-08-23&order=symbol%2Cdate&offset=14000&limit=1000 "HTTP/2 200 OK"
2026-06-19 18:17:43 [INFO] httpx: HTTP Request: GET https://gfcmaxbtscmizsakarvc.supabase.co/rest/v1/stock_prices?select=symbol%2Cexchange%2Cdate%2Copen%2Chigh%2Clow%2Cclose%2Cvolume&exchange=eq.EGX&date=gte.2025-08-23&order=symbol%2Cdate&offset=17000&limit=1000 "HTTP/2 200 OK"
2026-06-19 18:17:43 [INFO] httpx: HTTP Request: GET https://gfcmaxbtscmizsakarvc.supabase.co/rest/v1/stock_prices?select=symbol%2Cexchange%2Cdate%2Copen%2Chigh%2Clow%2Cclose%2Cvolume&exchange=eq.EGX&date=gte.2025-08-23&order=symbol%2Cdate&offset=18000&limit=1000 "HTTP/2 200 OK"
2026-06-19 18:17:43 [INFO] httpx: HTTP Request: GET https://gfcmaxbtscmizsakarvc.supabase.co/rest/v1/stock_prices?select=symbol%2Cexchange%2Cdate%2Copen%2Chigh%2Clow%2Cclose%2Cvolume&exchange=eq.EGX&date=gte.2025-08-23&order=symbol%2Cdate&offset=20000&limit=1000 "HTTP/2 200 OK"
2026-06-19 18:17:43 [INFO] httpx: HTTP Request: GET https://gfcmaxbtscmizsakarvc.supabase.co/rest/v1/stock_prices?select=symbol%2Cexchange%2Cdate%2Copen%2Chigh%2Clow%2Cclose%2Cvolume&exchange=eq.EGX&date=gte.2025-08-23&order=symbol%2Cdate&offset=19000&limit=1000 "HTTP/2 200 OK"
2026-06-19 18:17:43 [INFO] httpx: HTTP Request: GET https://gfcmaxbtscmizsakarvc.supabase.co/rest/v1/stock_prices?select=symbol%2Cexchange%2Cdate%2Copen%2Chigh%2Clow%2Cclose%2Cvolume&exchange=eq.EGX&date=gte.2025-08-23&order=symbol%2Cdate&offset=21000&limit=1000 "HTTP/2 200 OK"
2026-06-19 18:17:43 [INFO] httpx: HTTP Request: GET https://gfcmaxbtscmizsakarvc.supabase.co/rest/v1/stock_prices?select=symbol%2Cexchange%2Cdate%2Copen%2Chigh%2Clow%2Cclose%2Cvolume&exchange=eq.EGX&date=gte.2025-08-23&order=symbol%2Cdate&offset=22000&limit=1000 "HTTP/2 200 OK"
2026-06-19 18:17:45 [INFO] httpx: HTTP Request: GET https://gfcmaxbtscmizsakarvc.supabase.co/rest/v1/stock_prices?select=symbol%2Cexchange%2Cdate%2Copen%2Chigh%2Clow%2Cclose%2Cvolume&exchange=eq.EGX&date=gte.2025-08-23&order=symbol%2Cdate&offset=25000&limit=1000 "HTTP/2 200 OK"
2026-06-19 18:17:45 [INFO] httpx: HTTP Request: GET https://gfcmaxbtscmizsakarvc.supabase.co/rest/v1/stock_prices?select=symbol%2Cexchange%2Cdate%2Copen%2Chigh%2Clow%2Cclose%2Cvolume&exchange=eq.EGX&date=gte.2025-08-23&order=symbol%2Cdate&offset=23000&limit=1000 "HTTP/2 200 OK"
2026-06-19 18:17:45 [INFO] httpx: HTTP Request: GET https://gfcmaxbtscmizsakarvc.supabase.co/rest/v1/stock_prices?select=symbol%2Cexchange%2Cdate%2Copen%2Chigh%2Clow%2Cclose%2Cvolume&exchange=eq.EGX&date=gte.2025-08-23&order=symbol%2Cdate&offset=24000&limit=1000 "HTTP/2 200 OK"
2026-06-19 18:17:45 [INFO] httpx: HTTP Request: GET https://gfcmaxbtscmizsakarvc.supabase.co/rest/v1/stock_prices?select=symbol%2Cexchange%2Cdate%2Copen%2Chigh%2Clow%2Cclose%2Cvolume&exchange=eq.EGX&date=gte.2025-08-23&order=symbol%2Cdate&offset=26000&limit=1000 "HTTP/2 200 OK"
2026-06-19 18:17:45 [INFO] httpx: HTTP Request: GET https://gfcmaxbtscmizsakarvc.supabase.co/rest/v1/stock_prices?select=symbol%2Cexchange%2Cdate%2Copen%2Chigh%2Clow%2Cclose%2Cvolume&exchange=eq.EGX&date=gte.2025-08-23&order=symbol%2Cdate&offset=30000&limit=1000 "HTTP/2 200 OK"
2026-06-19 18:17:45 [INFO] httpx: HTTP Request: GET https://gfcmaxbtscmizsakarvc.supabase.co/rest/v1/stock_prices?select=symbol%2Cexchange%2Cdate%2Copen%2Chigh%2Clow%2Cclose%2Cvolume&exchange=eq.EGX&date=gte.2025-08-23&order=symbol%2Cdate&offset=27000&limit=1000 "HTTP/2 200 OK"
2026-06-19 18:17:45 [INFO] httpx: HTTP Request: GET https://gfcmaxbtscmizsakarvc.supabase.co/rest/v1/stock_prices?select=symbol%2Cexchange%2Cdate%2Copen%2Chigh%2Clow%2Cclose%2Cvolume&exchange=eq.EGX&date=gte.2025-08-23&order=symbol%2Cdate&offset=29000&limit=1000 "HTTP/2 200 OK"
2026-06-19 18:17:45 [INFO] httpx: HTTP Request: GET https://gfcmaxbtscmizsakarvc.supabase.co/rest/v1/stock_prices?select=symbol%2Cexchange%2Cdate%2Copen%2Chigh%2Clow%2Cclose%2Cvolume&exchange=eq.EGX&date=gte.2025-08-23&order=symbol%2Cdate&offset=28000&limit=1000 "HTTP/2 200 OK"
2026-06-19 18:17:46 [INFO] httpx: HTTP Request: GET https://gfcmaxbtscmizsakarvc.supabase.co/rest/v1/stock_prices?select=symbol%2Cexchange%2Cdate%2Copen%2Chigh%2Clow%2Cclose%2Cvolume&exchange=eq.EGX&date=gte.2025-08-23&order=symbol%2Cdate&offset=32000&limit=1000 "HTTP/2 200 OK"
2026-06-19 18:17:46 [INFO] httpx: HTTP Request: GET https://gfcmaxbtscmizsakarvc.supabase.co/rest/v1/stock_prices?select=symbol%2Cexchange%2Cdate%2Copen%2Chigh%2Clow%2Cclose%2Cvolume&exchange=eq.EGX&date=gte.2025-08-23&order=symbol%2Cdate&offset=34000&limit=1000 "HTTP/2 200 OK"
2026-06-19 18:17:46 [INFO] httpx: HTTP Request: GET https://gfcmaxbtscmizsakarvc.supabase.co/rest/v1/stock_prices?select=symbol%2Cexchange%2Cdate%2Copen%2Chigh%2Clow%2Cclose%2Cvolume&exchange=eq.EGX&date=gte.2025-08-23&order=symbol%2Cdate&offset=33000&limit=1000 "HTTP/2 200 OK"
2026-06-19 18:17:46 [INFO] httpx: HTTP Request: GET https://gfcmaxbtscmizsakarvc.supabase.co/rest/v1/stock_prices?select=symbol%2Cexchange%2Cdate%2Copen%2Chigh%2Clow%2Cclose%2Cvolume&exchange=eq.EGX&date=gte.2025-08-23&order=symbol%2Cdate&offset=31000&limit=1000 "HTTP/2 200 OK"
2026-06-19 18:17:46 [INFO] httpx: HTTP Request: GET https://gfcmaxbtscmizsakarvc.supabase.co/rest/v1/stock_prices?select=symbol%2Cexchange%2Cdate%2Copen%2Chigh%2Clow%2Cclose%2Cvolume&exchange=eq.EGX&date=gte.2025-08-23&order=symbol%2Cdate&offset=35000&limit=1000 "HTTP/2 200 OK"
2026-06-19 18:17:47 [INFO] httpx: HTTP Request: GET https://gfcmaxbtscmizsakarvc.supabase.co/rest/v1/stock_prices?select=symbol%2Cexchange%2Cdate%2Copen%2Chigh%2Clow%2Cclose%2Cvolume&exchange=eq.EGX&date=gte.2025-08-23&order=symbol%2Cdate&offset=38000&limit=1000 "HTTP/2 200 OK"
2026-06-19 18:17:47 [INFO] httpx: HTTP Request: GET https://gfcmaxbtscmizsakarvc.supabase.co/rest/v1/stock_prices?select=symbol%2Cexchange%2Cdate%2Copen%2Chigh%2Clow%2Cclose%2Cvolume&exchange=eq.EGX&date=gte.2025-08-23&order=symbol%2Cdate&offset=36000&limit=1000 "HTTP/2 200 OK"
2026-06-19 18:17:47 [INFO] httpx: HTTP Request: GET https://gfcmaxbtscmizsakarvc.supabase.co/rest/v1/stock_prices?select=symbol%2Cexchange%2Cdate%2Copen%2Chigh%2Clow%2Cclose%2Cvolume&exchange=eq.EGX&date=gte.2025-08-23&order=symbol%2Cdate&offset=37000&limit=1000 "HTTP/2 200 OK"
2026-06-19 18:17:47 [INFO] httpx: HTTP Request: GET https://gfcmaxbtscmizsakarvc.supabase.co/rest/v1/stock_prices?select=symbol%2Cexchange%2Cdate%2Copen%2Chigh%2Clow%2Cclose%2Cvolume&exchange=eq.EGX&date=gte.2025-08-23&order=symbol%2Cdate&offset=39000&limit=1000 "HTTP/2 200 OK"
2026-06-19 18:17:47 [INFO] httpx: HTTP Request: GET https://gfcmaxbtscmizsakarvc.supabase.co/rest/v1/stock_prices?select=symbol%2Cexchange%2Cdate%2Copen%2Chigh%2Clow%2Cclose%2Cvolume&exchange=eq.EGX&date=gte.2025-08-23&order=symbol%2Cdate&offset=40000&limit=1000 "HTTP/2 200 OK"
2026-06-19 18:17:47 [INFO] httpx: HTTP Request: GET https://gfcmaxbtscmizsakarvc.supabase.co/rest/v1/stock_prices?select=symbol%2Cexchange%2Cdate%2Copen%2Chigh%2Clow%2Cclose%2Cvolume&exchange=eq.EGX&date=gte.2025-08-23&order=symbol%2Cdate&offset=43000&limit=1000 "HTTP/2 200 OK"
2026-06-19 18:17:47 [INFO] httpx: HTTP Request: GET https://gfcmaxbtscmizsakarvc.supabase.co/rest/v1/stock_prices?select=symbol%2Cexchange%2Cdate%2Copen%2Chigh%2Clow%2Cclose%2Cvolume&exchange=eq.EGX&date=gte.2025-08-23&order=symbol%2Cdate&offset=42000&limit=1000 "HTTP/2 200 OK"
2026-06-19 18:17:47 [INFO] httpx: HTTP Request: GET https://gfcmaxbtscmizsakarvc.supabase.co/rest/v1/stock_prices?select=symbol%2Cexchange%2Cdate%2Copen%2Chigh%2Clow%2Cclose%2Cvolume&exchange=eq.EGX&date=gte.2025-08-23&order=symbol%2Cdate&offset=41000&limit=1000 "HTTP/2 200 OK"
2026-06-19 18:17:48 [INFO] httpx: HTTP Request: GET https://gfcmaxbtscmizsakarvc.supabase.co/rest/v1/stock_prices?select=symbol%2Cexchange%2Cdate%2Copen%2Chigh%2Clow%2Cclose%2Cvolume&exchange=eq.EGX&date=gte.2025-08-23&order=symbol%2Cdate&offset=44000&limit=1000 "HTTP/2 200 OK"
2026-06-19 18:17:48 [INFO] httpx: HTTP Request: GET https://gfcmaxbtscmizsakarvc.supabase.co/rest/v1/stock_fundamentals?select=symbol%2C%20exchange%2C%20data%2C%20fund_score&exchange=ilike.%25EGX%25&limit=5000 "HTTP/2 200 OK"
2026-06-19 18:17:49 [INFO] httpx: HTTP Request: GET https://gfcmaxbtscmizsakarvc.supabase.co/rest/v1/stock_prices?select=date%2C%20close&symbol=eq.EGX30&exchange=eq.INDX&order=date&offset=0&limit=1000 "HTTP/2 200 OK"
2026-06-19 18:17:49 [INFO] httpx: HTTP Request: GET https://gfcmaxbtscmizsakarvc.supabase.co/rest/v1/stock_prices?select=date%2C%20close&symbol=eq.EGX30&exchange=eq.INDX&order=date&offset=1000&limit=1000 "HTTP/2 200 OK"
2026-06-19 18:17:50 [INFO] httpx: HTTP Request: GET https://gfcmaxbtscmizsakarvc.supabase.co/rest/v1/stock_prices?select=date%2C%20close&symbol=eq.EGX30&exchange=eq.INDX&order=date&offset=2000&limit=1000 "HTTP/2 200 OK"
2026-06-19 18:17:50 [INFO] httpx: HTTP Request: GET https://gfcmaxbtscmizsakarvc.supabase.co/rest/v1/stock_prices?select=date%2C%20close&symbol=eq.EGX30&exchange=eq.INDX&order=date&offset=3000&limit=1000 "HTTP/2 200 OK"
2026-06-19 18:17:50 [INFO] httpx: HTTP Request: GET https://gfcmaxbtscmizsakarvc.supabase.co/rest/v1/stock_prices?select=date%2C%20close&symbol=eq.EGX30&exchange=eq.INDX&order=date&offset=4000&limit=1000 "HTTP/2 200 OK"
2026-06-19 18:17:50 [INFO] httpx: HTTP Request: GET https://gfcmaxbtscmizsakarvc.supabase.co/rest/v1/stock_prices?select=date%2C%20close&symbol=eq.EGX30&exchange=eq.INDX&order=date&offset=5000&limit=1000 "HTTP/2 200 OK"
2026-06-19 18:20:05 [INFO] httpx: HTTP Request: GET https://gfcmaxbtscmizsakarvc.supabase.co/rest/v1/stock_technical_indicators?select=rsi_14%2Cadx_14%2Cema_50%2Cema_200%2Cvolume%2Cchange_pct&symbol=eq.ROTO&exchange=eq.EGX&order=date.desc&limit=1 "HTTP/2 200 OK"
2026-06-19 18:20:06 [INFO] httpx: HTTP Request: GET https://gfcmaxbtscmizsakarvc.supabase.co/rest/v1/stock_fundamentals?select=data&symbol=eq.ROTO.EGX "HTTP/2 200 OK"
2026-06-19 18:20:07 [INFO] httpx: HTTP Request: POST https://gfcmaxbtscmizsakarvc.supabase.co/rest/v1/scan_results "HTTP/2 201 Created"
2026-06-19 18:20:07 [INFO] httpx: HTTP Request: GET https://gfcmaxbtscmizsakarvc.supabase.co/rest/v1/stock_technical_indicators?select=rsi_14%2Cadx_14%2Cema_50%2Cema_200%2Cvolume%2Cchange_pct&symbol=eq.TYCN&exchange=eq.EGX&order=date.desc&limit=1 "HTTP/2 200 OK"
2026-06-19 18:20:07 [INFO] httpx: HTTP Request: GET https://gfcmaxbtscmizsakarvc.supabase.co/rest/v1/stock_fundamentals?select=data&symbol=eq.TYCN.EGX "HTTP/2 200 OK"
2026-06-19 18:20:08 [INFO] httpx: HTTP Request: POST https://gfcmaxbtscmizsakarvc.supabase.co/rest/v1/scan_results "HTTP/2 201 Created"
2026-06-19 18:21:56 [INFO] daily_bot_job: ✅ Daily Bot Job completed successfully in 276.7s
