2026-06-19 17:51:26 [INFO] daily_bot_job: ============================================================
2026-06-19 17:51:26 [INFO] daily_bot_job: 🚀 Daily Bot Job Started
2026-06-19 17:51:26 [INFO] daily_bot_job:    Dry run: False
2026-06-19 17:51:26 [INFO] daily_bot_job:    Model filter: ALL
2026-06-19 17:51:26 [INFO] daily_bot_job:    Skip sync: True
2026-06-19 17:51:26 [INFO] daily_bot_job:    Log file: C:\Users\MR__CODER__\Desktop\stokscan_AI\logs\daily_bot_20260619_145112.log
2026-06-19 17:51:26 [INFO] daily_bot_job: ============================================================
2026-06-19 17:51:28 [INFO] httpx: HTTP Request: GET https://gfcmaxbtscmizsakarvc.supabase.co/rest/v1/stock_prices?select=date%2Copen%2Chigh%2Clow%2Cclose%2Cvolume&symbol=eq.AALR.EGX&order=date "HTTP/2 200 OK"
2026-06-19 17:51:28 [INFO] httpx: HTTP Request: GET https://gfcmaxbtscmizsakarvc.supabase.co/rest/v1/stock_prices?select=date%2Copen%2Chigh%2Clow%2Cclose%2Cvolume&symbol=eq.ABUK.EGX&order=date "HTTP/2 200 OK"
2026-06-19 17:51:28 [INFO] httpx: HTTP Request: GET https://gfcmaxbtscmizsakarvc.supabase.co/rest/v1/stock_prices?select=date%2Copen%2Chigh%2Clow%2Cclose%2Cvolume&symbol=eq.ACAMD.EGX&order=date "HTTP/2 200 OK"
2026-06-19 17:51:28 [INFO] httpx: HTTP Request: GET https://gfcmaxbtscmizsakarvc.supabase.co/rest/v1/stock_prices?select=date%2Copen%2Chigh%2Clow%2Cclose%2Cvolume&symbol=eq.ACAP.EGX&order=date "HTTP/2 200 OK"
2026-06-19 17:51:28 [INFO] httpx: HTTP Request: GET https://gfcmaxbtscmizsakarvc.supabase.co/rest/v1/stock_prices?select=date%2Copen%2Chigh%2Clow%2Cclose%2Cvolume&symbol=eq.ACGC.EGX&order=date "HTTP/2 200 OK"
2026-06-19 17:51:29 [INFO] httpx: HTTP Request: GET https://gfcmaxbtscmizsakarvc.supabase.co/rest/v1/stock_prices?select=date%2Copen%2Chigh%2Clow%2Cclose%2Cvolume&symbol=eq.ACRO.EGX&order=date "HTTP/2 200 OK"
2026-06-19 17:51:29 [INFO] httpx: HTTP Request: GET https://gfcmaxbtscmizsakarvc.supabase.co/rest/v1/stock_prices?select=date%2Copen%2Chigh%2Clow%2Cclose%2Cvolume&symbol=eq.ACTF.EGX&order=date "HTTP/2 200 OK"
2026-06-19 17:51:29 [INFO] httpx: HTTP Request: GET https://gfcmaxbtscmizsakarvc.supabase.co/rest/v1/stock_prices?select=date%2Copen%2Chigh%2Clow%2Cclose%2Cvolume&symbol=eq.ADCI.EGX&order=date "HTTP/2 200 OK"
2026-06-19 17:51:29 [INFO] httpx: HTTP Request: GET https://gfcmaxbtscmizsakarvc.supabase.co/rest/v1/stock_prices?select=date%2Copen%2Chigh%2Clow%2Cclose%2Cvolume&symbol=eq.ADIB.EGX&order=date "HTTP/2 200 OK"
2026-06-19 17:51:29 [INFO] httpx: HTTP Request: GET https://gfcmaxbtscmizsakarvc.supabase.co/rest/v1/stock_prices?select=date%2Copen%2Chigh%2Clow%2Cclose%2Cvolume&symbol=eq.ADPC.EGX&order=date "HTTP/2 200 OK"
2026-06-19 17:51:29 [INFO] httpx: HTTP Request: GET https://gfcmaxbtscmizsakarvc.supabase.co/rest/v1/stock_prices?select=date%2Copen%2Chigh%2Clow%2Cclose%2Cvolume&symbol=eq.AFDI.EGX&order=date "HTTP/2 200 OK"
2026-06-19 17:51:30 [INFO] httpx: HTTP Request: GET https://gfcmaxbtscmizsakarvc.supabase.co/rest/v1/stock_prices?select=date%2Copen%2Chigh%2Clow%2Cclose%2Cvolume&symbol=eq.AFMC.EGX&order=date "HTTP/2 200 OK"
2026-06-19 17:51:30 [INFO] httpx: HTTP Request: GET https://gfcmaxbtscmizsakarvc.supabase.co/rest/v1/stock_prices?select=date%2Copen%2Chigh%2Clow%2Cclose%2Cvolume&symbol=eq.AGIG.EGX&order=date "HTTP/2 200 OK"
2026-06-19 17:51:30 [INFO] httpx: HTTP Request: GET https://gfcmaxbtscmizsakarvc.supabase.co/rest/v1/stock_prices?select=date%2Copen%2Chigh%2Clow%2Cclose%2Cvolume&symbol=eq.AIDC.EGX&order=date "HTTP/2 200 OK"
2026-06-19 17:51:30 [INFO] httpx: HTTP Request: GET https://gfcmaxbtscmizsakarvc.supabase.co/rest/v1/stock_prices?select=date%2Copen%2Chigh%2Clow%2Cclose%2Cvolume&symbol=eq.AIND.EGX&order=date "HTTP/2 200 OK"
2026-06-19 17:51:31 [INFO] httpx: HTTP Request: GET https://gfcmaxbtscmizsakarvc.supabase.co/rest/v1/stock_prices?select=date%2Copen%2Chigh%2Clow%2Cclose%2Cvolume&symbol=eq.AITG.EGX&order=date "HTTP/2 200 OK"
2026-06-19 17:51:31 [INFO] httpx: HTTP Request: GET https://gfcmaxbtscmizsakarvc.supabase.co/rest/v1/stock_prices?select=date%2Copen%2Chigh%2Clow%2Cclose%2Cvolume&symbol=eq.AIVCB.EGX&order=date "HTTP/2 200 OK"
2026-06-19 17:51:31 [INFO] httpx: HTTP Request: GET https://gfcmaxbtscmizsakarvc.supabase.co/rest/v1/stock_prices?select=date%2Copen%2Chigh%2Clow%2Cclose%2Cvolume&symbol=eq.AJWA.EGX&order=date "HTTP/2 200 OK"
2026-06-19 17:51:31 [INFO] httpx: HTTP Request: GET https://gfcmaxbtscmizsakarvc.supabase.co/rest/v1/stock_prices?select=date%2Copen%2Chigh%2Clow%2Cclose%2Cvolume&symbol=eq.ALCN.EGX&order=date "HTTP/2 200 OK"
2026-06-19 17:51:31 [INFO] httpx: HTTP Request: GET https://gfcmaxbtscmizsakarvc.supabase.co/rest/v1/stock_prices?select=date%2Copen%2Chigh%2Clow%2Cclose%2Cvolume&symbol=eq.ALEX.EGX&order=date "HTTP/2 200 OK"
2026-06-19 17:51:31 [INFO] httpx: HTTP Request: GET https://gfcmaxbtscmizsakarvc.supabase.co/rest/v1/stock_prices?select=date%2Copen%2Chigh%2Clow%2Cclose%2Cvolume&symbol=eq.ALRA.EGX&order=date "HTTP/2 200 OK"
2026-06-19 17:51:32 [INFO] httpx: HTTP Request: GET https://gfcmaxbtscmizsakarvc.supabase.co/rest/v1/stock_prices?select=date%2Copen%2Chigh%2Clow%2Cclose%2Cvolume&symbol=eq.ALUM.EGX&order=date "HTTP/2 200 OK"
2026-06-19 17:51:32 [INFO] httpx: HTTP Request: GET https://gfcmaxbtscmizsakarvc.supabase.co/rest/v1/stock_prices?select=date%2Copen%2Chigh%2Clow%2Cclose%2Cvolume&symbol=eq.AMER.EGX&order=date "HTTP/2 200 OK"
2026-06-19 17:51:32 [INFO] httpx: HTTP Request: GET https://gfcmaxbtscmizsakarvc.supabase.co/rest/v1/stock_prices?select=date%2Copen%2Chigh%2Clow%2Cclose%2Cvolume&symbol=eq.AMES.EGX&order=date "HTTP/2 200 OK"
2026-06-19 17:51:32 [INFO] httpx: HTTP Request: GET https://gfcmaxbtscmizsakarvc.supabase.co/rest/v1/stock_prices?select=date%2Copen%2Chigh%2Clow%2Cclose%2Cvolume&symbol=eq.AMIA.EGX&order=date "HTTP/2 200 OK"
2026-06-19 17:51:32 [INFO] httpx: HTTP Request: GET https://gfcmaxbtscmizsakarvc.supabase.co/rest/v1/stock_prices?select=date%2Copen%2Chigh%2Clow%2Cclose%2Cvolume&symbol=eq.AMOC.EGX&order=date "HTTP/2 200 OK"
2026-06-19 17:51:33 [INFO] httpx: HTTP Request: GET https://gfcmaxbtscmizsakarvc.supabase.co/rest/v1/stock_prices?select=date%2Copen%2Chigh%2Clow%2Cclose%2Cvolume&symbol=eq.APPC.EGX&order=date "HTTP/2 200 OK"
2026-06-19 17:51:33 [INFO] httpx: HTTP Request: GET https://gfcmaxbtscmizsakarvc.supabase.co/rest/v1/stock_prices?select=date%2Copen%2Chigh%2Clow%2Cclose%2Cvolume&symbol=eq.APSW.EGX&order=date "HTTP/2 200 OK"
2026-06-19 17:51:33 [INFO] httpx: HTTP Request: GET https://gfcmaxbtscmizsakarvc.supabase.co/rest/v1/stock_prices?select=date%2Copen%2Chigh%2Clow%2Cclose%2Cvolume&symbol=eq.ARAB.EGX&order=date "HTTP/2 200 OK"
2026-06-19 17:51:33 [INFO] httpx: HTTP Request: GET https://gfcmaxbtscmizsakarvc.supabase.co/rest/v1/stock_prices?select=date%2Copen%2Chigh%2Clow%2Cclose%2Cvolume&symbol=eq.ARCC.EGX&order=date "HTTP/2 200 OK"
2026-06-19 17:51:34 [INFO] httpx: HTTP Request: GET https://gfcmaxbtscmizsakarvc.supabase.co/rest/v1/stock_prices?select=date%2Copen%2Chigh%2Clow%2Cclose%2Cvolume&symbol=eq.AREH.EGX&order=date "HTTP/2 200 OK"
2026-06-19 17:51:34 [INFO] httpx: HTTP Request: GET https://gfcmaxbtscmizsakarvc.supabase.co/rest/v1/stock_prices?select=date%2Copen%2Chigh%2Clow%2Cclose%2Cvolume&symbol=eq.AREHA.EGX&order=date "HTTP/2 200 OK"
2026-06-19 17:51:34 [INFO] httpx: HTTP Request: GET https://gfcmaxbtscmizsakarvc.supabase.co/rest/v1/stock_prices?select=date%2Copen%2Chigh%2Clow%2Cclose%2Cvolume&symbol=eq.ARVA.EGX&order=date "HTTP/2 200 OK"
2026-06-19 17:51:34 [INFO] httpx: HTTP Request: GET https://gfcmaxbtscmizsakarvc.supabase.co/rest/v1/stock_prices?select=date%2Copen%2Chigh%2Clow%2Cclose%2Cvolume&symbol=eq.ASCM.EGX&order=date "HTTP/2 200 OK"
2026-06-19 17:51:34 [INFO] httpx: HTTP Request: GET https://gfcmaxbtscmizsakarvc.supabase.co/rest/v1/stock_prices?select=date%2Copen%2Chigh%2Clow%2Cclose%2Cvolume&symbol=eq.ASPI.EGX&order=date "HTTP/2 200 OK"
2026-06-19 17:51:35 [INFO] httpx: HTTP Request: GET https://gfcmaxbtscmizsakarvc.supabase.co/rest/v1/stock_prices?select=date%2Copen%2Chigh%2Clow%2Cclose%2Cvolume&symbol=eq.ATLC.EGX&order=date "HTTP/2 200 OK"
2026-06-19 17:51:35 [INFO] httpx: HTTP Request: GET https://gfcmaxbtscmizsakarvc.supabase.co/rest/v1/stock_prices?select=date%2Copen%2Chigh%2Clow%2Cclose%2Cvolume&symbol=eq.ATQA.EGX&order=date "HTTP/2 200 OK"
2026-06-19 17:51:35 [INFO] httpx: HTTP Request: GET https://gfcmaxbtscmizsakarvc.supabase.co/rest/v1/stock_prices?select=date%2Copen%2Chigh%2Clow%2Cclose%2Cvolume&symbol=eq.AUTO.EGX&order=date "HTTP/2 200 OK"
2026-06-19 17:51:35 [INFO] httpx: HTTP Request: GET https://gfcmaxbtscmizsakarvc.supabase.co/rest/v1/stock_prices?select=date%2Copen%2Chigh%2Clow%2Cclose%2Cvolume&symbol=eq.AXPH.EGX&order=date "HTTP/2 200 OK"
2026-06-19 17:51:35 [INFO] httpx: HTTP Request: GET https://gfcmaxbtscmizsakarvc.supabase.co/rest/v1/stock_prices?select=date%2Copen%2Chigh%2Clow%2Cclose%2Cvolume&symbol=eq.BINV.EGX&order=date "HTTP/2 200 OK"
2026-06-19 17:51:35 [INFO] httpx: HTTP Request: GET https://gfcmaxbtscmizsakarvc.supabase.co/rest/v1/stock_prices?select=date%2Copen%2Chigh%2Clow%2Cclose%2Cvolume&symbol=eq.BIOC.EGX&order=date "HTTP/2 200 OK"
2026-06-19 17:51:36 [INFO] httpx: HTTP Request: GET https://gfcmaxbtscmizsakarvc.supabase.co/rest/v1/stock_prices?select=date%2Copen%2Chigh%2Clow%2Cclose%2Cvolume&symbol=eq.BONY.EGX&order=date "HTTP/2 200 OK"
2026-06-19 17:51:36 [INFO] httpx: HTTP Request: GET https://gfcmaxbtscmizsakarvc.supabase.co/rest/v1/stock_prices?select=date%2Copen%2Chigh%2Clow%2Cclose%2Cvolume&symbol=eq.BTFH.EGX&order=date "HTTP/2 200 OK"
2026-06-19 17:51:36 [INFO] httpx: HTTP Request: GET https://gfcmaxbtscmizsakarvc.supabase.co/rest/v1/stock_prices?select=date%2Copen%2Chigh%2Clow%2Cclose%2Cvolume&symbol=eq.CAED.EGX&order=date "HTTP/2 200 OK"
2026-06-19 17:51:36 [INFO] httpx: HTTP Request: GET https://gfcmaxbtscmizsakarvc.supabase.co/rest/v1/stock_prices?select=date%2Copen%2Chigh%2Clow%2Cclose%2Cvolume&symbol=eq.CANA.EGX&order=date "HTTP/2 200 OK"
2026-06-19 17:51:36 [INFO] httpx: HTTP Request: GET https://gfcmaxbtscmizsakarvc.supabase.co/rest/v1/stock_prices?select=date%2Copen%2Chigh%2Clow%2Cclose%2Cvolume&symbol=eq.CCAP.EGX&order=date "HTTP/2 200 OK"
2026-06-19 17:51:37 [INFO] httpx: HTTP Request: GET https://gfcmaxbtscmizsakarvc.supabase.co/rest/v1/stock_prices?select=date%2Copen%2Chigh%2Clow%2Cclose%2Cvolume&symbol=eq.CCRS.EGX&order=date "HTTP/2 200 OK"
2026-06-19 17:51:37 [INFO] httpx: HTTP Request: GET https://gfcmaxbtscmizsakarvc.supabase.co/rest/v1/stock_prices?select=date%2Copen%2Chigh%2Clow%2Cclose%2Cvolume&symbol=eq.CEFM.EGX&order=date "HTTP/2 200 OK"
2026-06-19 17:51:37 [INFO] httpx: HTTP Request: GET https://gfcmaxbtscmizsakarvc.supabase.co/rest/v1/stock_prices?select=date%2Copen%2Chigh%2Clow%2Cclose%2Cvolume&symbol=eq.CERA.EGX&order=date "HTTP/2 200 OK"
2026-06-19 17:51:37 [INFO] httpx: HTTP Request: GET https://gfcmaxbtscmizsakarvc.supabase.co/rest/v1/stock_prices?select=date%2Copen%2Chigh%2Clow%2Cclose%2Cvolume&symbol=eq.CFGH.EGX&order=date "HTTP/2 200 OK"
2026-06-19 17:51:37 [INFO] httpx: HTTP Request: GET https://gfcmaxbtscmizsakarvc.supabase.co/rest/v1/stock_prices?select=date%2Copen%2Chigh%2Clow%2Cclose%2Cvolume&symbol=eq.CICH.EGX&order=date "HTTP/2 200 OK"
